============================= test session starts =============================
platform win32 -- Python 3.13.9, pytest-9.1.1, pluggy-1.6.0 -- C:\Users\91760\Downloads\image-quality-defect-detection\project\backend\venv\Scripts\python.exe
cachedir: .pytest_cache
rootdir: C:\Users\91760\Downloads\image-quality-defect-detection\project\backend
plugins: anyio-4.14.2
collecting ... collected 30 items

tests/test_api.py::test_analyze_good_quality FAILED                      [  3%]
tests/test_api.py::test_analyze_blurry FAILED                            [  6%]
tests/test_api.py::test_analyze_noisy FAILED                             [ 10%]
tests/test_api.py::test_analyze_underexposed FAILED                      [ 13%]
tests/test_api.py::test_analyze_overexposed FAILED                       [ 16%]
tests/test_api.py::test_analyze_corrupted FAILED                         [ 20%]
tests/test_api.py::test_analyze_has_recommended_action FAILED            [ 23%]
tests/test_api.py::test_analyze_has_image_path FAILED                    [ 26%]
tests/test_api.py::test_analyze_issues_have_evidence FAILED              [ 30%]
tests/test_api.py::test_list_results FAILED                              [ 33%]
tests/test_api.py::test_get_result_by_id FAILED                          [ 36%]
tests/test_api.py::test_get_nonexistent_result FAILED                    [ 40%]
tests/test_api.py::test_delete_result FAILED                             [ 43%]
tests/test_features.py::test_extract_features_returns_all_names PASSED   [ 46%]
tests/test_features.py::test_feature_count_is_20 PASSED                  [ 50%]
tests/test_features.py::test_features_are_numeric PASSED                 [ 53%]
tests/test_features.py::test_black_image_has_low_brightness PASSED       [ 56%]
tests/test_features.py::test_white_image_has_high_brightness PASSED      [ 60%]
tests/test_features.py::test_black_image_high_dark_pixel_ratio PASSED    [ 63%]
tests/test_features.py::test_white_image_high_bright_pixel_ratio PASSED  [ 66%]
tests/test_health.py::test_health_returns_200 PASSED                     [ 70%]
tests/test_health.py::test_health_contains_required_fields PASSED        [ 73%]
tests/test_health.py::test_health_model_loaded PASSED                    [ 76%]
tests/test_health.py::test_health_database_reachable PASSED              [ 80%]
tests/test_validation.py::test_empty_file_raises PASSED                  [ 83%]
tests/test_validation.py::test_too_large_file_raises PASSED              [ 86%]
tests/test_validation.py::test_invalid_non_image_raises PASSED           [ 90%]
tests/test_validation.py::test_valid_jpeg_decodes PASSED                 [ 93%]
tests/test_validation.py::test_valid_png_decodes PASSED                  [ 96%]
tests/test_validation.py::test_too_small_image_raises PASSED             [100%]

================================== FAILURES ===================================
__________________________ test_analyze_good_quality __________________________
venv\Lib\site-packages\sqlalchemy\engine\base.py:1969: in _exec_single_context
    self.dialect.do_execute(
venv\Lib\site-packages\sqlalchemy\engine\default.py:952: in do_execute
    cursor.execute(statement, parameters)
E   sqlite3.OperationalError: no such table: analysis_results

The above exception was the direct cause of the following exception:
tests\test_api.py:30: in test_analyze_good_quality
    data = _analyze(client, "good_quality.jpg")
           ^^^^^^^^^^^^^^^^^^^^^^^^^^^^^^^^^^^^
tests\test_api.py:20: in _analyze
    response = client.post("/api/analyze", files={"file": (filename, f, "image/jpeg")})
               ^^^^^^^^^^^^^^^^^^^^^^^^^^^^^^^^^^^^^^^^^^^^^^^^^^^^^^^^^^^^^^^^^^^^^^^^
venv\Lib\site-packages\starlette\testclient.py:556: in post
    return super().post(
venv\Lib\site-packages\httpx\_client.py:1144: in post
    return self.request(
venv\Lib\site-packages\starlette\testclient.py:455: in request
    return super().request(
venv\Lib\site-packages\httpx\_client.py:825: in request
    return self.send(request, auth=auth, follow_redirects=follow_redirects)
           ^^^^^^^^^^^^^^^^^^^^^^^^^^^^^^^^^^^^^^^^^^^^^^^^^^^^^^^^^^^^^^^^
venv\Lib\site-packages\httpx\_client.py:914: in send
    response = self._send_handling_auth(
venv\Lib\site-packages\httpx\_client.py:942: in _send_handling_auth
    response = self._send_handling_redirects(
venv\Lib\site-packages\httpx\_client.py:979: in _send_handling_redirects
    response = self._send_single_request(request)
               ^^^^^^^^^^^^^^^^^^^^^^^^^^^^^^^^^^
venv\Lib\site-packages\httpx\_client.py:1014: in _send_single_request
    response = transport.handle_request(request)
               ^^^^^^^^^^^^^^^^^^^^^^^^^^^^^^^^^
venv\Lib\site-packages\starlette\testclient.py:354: in handle_request
    raise exc
venv\Lib\site-packages\starlette\testclient.py:351: in handle_request
    portal.call(self.app, scope, receive, send)
venv\Lib\site-packages\anyio\from_thread.py:338: in call
    return cast(T_Retval, self.start_task_soon(func, *args).result())
                          ^^^^^^^^^^^^^^^^^^^^^^^^^^^^^^^^^^^^^^^^^^
..\..\..\..\anaconda3\Lib\concurrent\futures\_base.py:456: in result
    return self.__get_result()
           ^^^^^^^^^^^^^^^^^^^
..\..\..\..\anaconda3\Lib\concurrent\futures\_base.py:401: in __get_result
    raise self._exception
venv\Lib\site-packages\anyio\from_thread.py:263: in _call_func
    retval = await retval_or_awaitable
             ^^^^^^^^^^^^^^^^^^^^^^^^^
venv\Lib\site-packages\fastapi\applications.py:1163: in __call__
    await super().__call__(scope, receive, send)
venv\Lib\site-packages\starlette\applications.py:96: in __call__
    await self.middleware_stack(scope, receive, send)
venv\Lib\site-packages\starlette\middleware\errors.py:186: in __call__
    raise exc
venv\Lib\site-packages\starlette\middleware\errors.py:164: in __call__
    await self.app(scope, receive, _send)
venv\Lib\site-packages\starlette\middleware\cors.py:88: in __call__
    await self.app(scope, receive, send)
venv\Lib\site-packages\starlette\middleware\exceptions.py:63: in __call__
    await wrap_app_handling_exceptions(self.app, conn)(scope, receive, send)
venv\Lib\site-packages\starlette\_exception_handler.py:53: in wrapped_app
    raise exc
venv\Lib\site-packages\starlette\_exception_handler.py:42: in wrapped_app
    await app(scope, receive, sender)
venv\Lib\site-packages\fastapi\middleware\asyncexitstack.py:18: in __call__
    await self.app(scope, receive, send)
venv\Lib\site-packages\starlette\routing.py:670: in __call__
    await self.middleware_stack(scope, receive, send)
venv\Lib\site-packages\fastapi\routing.py:2734: in app
    await route.handle(scope, receive, send)
venv\Lib\site-packages\fastapi\routing.py:1281: in handle
    await super().handle(scope, receive, send)
venv\Lib\site-packages\starlette\routing.py:280: in handle
    await self.app(scope, receive, send)
venv\Lib\site-packages\fastapi\routing.py:158: in app
    await wrap_app_handling_exceptions(app, request)(scope, receive, send)
venv\Lib\site-packages\starlette\_exception_handler.py:53: in wrapped_app
    raise exc
venv\Lib\site-packages\starlette\_exception_handler.py:42: in wrapped_app
    await app(scope, receive, sender)
venv\Lib\site-packages\fastapi\routing.py:144: in app
    response = await f(request)
               ^^^^^^^^^^^^^^^^
venv\Lib\site-packages\fastapi\routing.py:706: in app
    raw_response = await run_endpoint_function(
venv\Lib\site-packages\fastapi\routing.py:352: in run_endpoint_function
    return await dependant.call(**values)
           ^^^^^^^^^^^^^^^^^^^^^^^^^^^^^^
app\main.py:141: in analyze_image
    db.commit()
venv\Lib\site-packages\sqlalchemy\orm\session.py:2035: in commit
    trans.commit(_to_root=True)
<string>:2: in commit
    ???
venv\Lib\site-packages\sqlalchemy\orm\state_changes.py:137: in _go
    ret_value = fn(self, *arg, **kw)
                ^^^^^^^^^^^^^^^^^^^^
venv\Lib\site-packages\sqlalchemy\orm\session.py:1316: in commit
    self._prepare_impl()
<string>:2: in _prepare_impl
    ???
venv\Lib\site-packages\sqlalchemy\orm\state_changes.py:137: in _go
    ret_value = fn(self, *arg, **kw)
                ^^^^^^^^^^^^^^^^^^^^
venv\Lib\site-packages\sqlalchemy\orm\session.py:1290: in _prepare_impl
    self.session.flush()
venv\Lib\site-packages\sqlalchemy\orm\session.py:4353: in flush
    self._flush(objects)
venv\Lib\site-packages\sqlalchemy\orm\session.py:4488: in _flush
    with util.safe_reraise():
         ^^^^^^^^^^^^^^^^^^^
venv\Lib\site-packages\sqlalchemy\util\langhelpers.py:122: in __exit__
    raise exc_value.with_traceback(exc_tb)
venv\Lib\site-packages\sqlalchemy\orm\session.py:4449: in _flush
    flush_context.execute()
venv\Lib\site-packages\sqlalchemy\orm\unitofwork.py:465: in execute
    rec.execute(self)
venv\Lib\site-packages\sqlalchemy\orm\unitofwork.py:641: in execute
    util.preloaded.orm_persistence.save_obj(
venv\Lib\site-packages\sqlalchemy\orm\persistence.py:94: in save_obj
    _emit_insert_statements(
venv\Lib\site-packages\sqlalchemy\orm\persistence.py:1234: in _emit_insert_statements
    result = connection.execute(
venv\Lib\site-packages\sqlalchemy\engine\base.py:1421: in execute
    return meth(
venv\Lib\site-packages\sqlalchemy\sql\elements.py:526: in _execute_on_connection
    return connection._execute_clauseelement(
venv\Lib\site-packages\sqlalchemy\engine\base.py:1643: in _execute_clauseelement
    ret = self._execute_context(
venv\Lib\site-packages\sqlalchemy\engine\base.py:1848: in _execute_context
    return self._exec_single_context(
venv\Lib\site-packages\sqlalchemy\engine\base.py:1988: in _exec_single_context
    self._handle_dbapi_exception(
venv\Lib\site-packages\sqlalchemy\engine\base.py:2365: in _handle_dbapi_exception
    raise sqlalchemy_exception.with_traceback(exc_info[2]) from e
venv\Lib\site-packages\sqlalchemy\engine\base.py:1969: in _exec_single_context
    self.dialect.do_execute(
venv\Lib\site-packages\sqlalchemy\engine\default.py:952: in do_execute
    cursor.execute(statement, parameters)
E   sqlalchemy.exc.OperationalError: (sqlite3.OperationalError) no such table: analysis_results
E   [SQL: INSERT INTO analysis_results (filename, content_type, file_size_bytes, image_width, image_height, image_path, thumbnail_path, quality_score, quality_label, recommended_action, issues, image_stats, created_at) VALUES (?, ?, ?, ?, ?, ?, ?, ?, ?, ?, ?, ?, ?)]
E   [parameters: ('good_quality.jpg', 'image/jpeg', 104711, 600, 400, '/static/uploads/9b81899e68034de48c247b9a493c7a63.jpg', None, 95.4, 'ACCEPTABLE', 'PASS', '[]', '{"sharpness_lap_var": 1572.2744, "sharpness_norm": 0.4658, "sharpness_tenengrad": 9635.9691, "brightness_mean": 103.6409, "brightness_std": 58.0954,  ... (255 characters truncated) ... oherence": 0.0226, "colorfulness": 76.0866, "saturation_mean": 184.9805, "entropy": 7.6626, "blockiness": 0.0115, "channel_mean_asymmetry": 106.9674}', '2026-08-28 18:44:27.689420')]
E   (Background on this error at: https://sqlalche.me/e/20/e3q8)
_____________________________ test_analyze_blurry _____________________________
venv\Lib\site-packages\sqlalchemy\engine\base.py:1969: in _exec_single_context
    self.dialect.do_execute(
venv\Lib\site-packages\sqlalchemy\engine\default.py:952: in do_execute
    cursor.execute(statement, parameters)
E   sqlite3.OperationalError: no such table: analysis_results

The above exception was the direct cause of the following exception:
tests\test_api.py:38: in test_analyze_blurry
    data = _analyze(client, "blurry.jpg")
           ^^^^^^^^^^^^^^^^^^^^^^^^^^^^^^
tests\test_api.py:20: in _analyze
    response = client.post("/api/analyze", files={"file": (filename, f, "image/jpeg")})
               ^^^^^^^^^^^^^^^^^^^^^^^^^^^^^^^^^^^^^^^^^^^^^^^^^^^^^^^^^^^^^^^^^^^^^^^^
venv\Lib\site-packages\starlette\testclient.py:556: in post
    return super().post(
venv\Lib\site-packages\httpx\_client.py:1144: in post
    return self.request(
venv\Lib\site-packages\starlette\testclient.py:455: in request
    return super().request(
venv\Lib\site-packages\httpx\_client.py:825: in request
    return self.send(request, auth=auth, follow_redirects=follow_redirects)
           ^^^^^^^^^^^^^^^^^^^^^^^^^^^^^^^^^^^^^^^^^^^^^^^^^^^^^^^^^^^^^^^^
venv\Lib\site-packages\httpx\_client.py:914: in send
    response = self._send_handling_auth(
venv\Lib\site-packages\httpx\_client.py:942: in _send_handling_auth
    response = self._send_handling_redirects(
venv\Lib\site-packages\httpx\_client.py:979: in _send_handling_redirects
    response = self._send_single_request(request)
               ^^^^^^^^^^^^^^^^^^^^^^^^^^^^^^^^^^
venv\Lib\site-packages\httpx\_client.py:1014: in _send_single_request
    response = transport.handle_request(request)
               ^^^^^^^^^^^^^^^^^^^^^^^^^^^^^^^^^
venv\Lib\site-packages\starlette\testclient.py:354: in handle_request
    raise exc
venv\Lib\site-packages\starlette\testclient.py:351: in handle_request
    portal.call(self.app, scope, receive, send)
venv\Lib\site-packages\anyio\from_thread.py:338: in call
    return cast(T_Retval, self.start_task_soon(func, *args).result())
                          ^^^^^^^^^^^^^^^^^^^^^^^^^^^^^^^^^^^^^^^^^^
..\..\..\..\anaconda3\Lib\concurrent\futures\_base.py:456: in result
    return self.__get_result()
           ^^^^^^^^^^^^^^^^^^^
..\..\..\..\anaconda3\Lib\concurrent\futures\_base.py:401: in __get_result
    raise self._exception
venv\Lib\site-packages\anyio\from_thread.py:263: in _call_func
    retval = await retval_or_awaitable
             ^^^^^^^^^^^^^^^^^^^^^^^^^
venv\Lib\site-packages\fastapi\applications.py:1163: in __call__
    await super().__call__(scope, receive, send)
venv\Lib\site-packages\starlette\applications.py:96: in __call__
    await self.middleware_stack(scope, receive, send)
venv\Lib\site-packages\starlette\middleware\errors.py:186: in __call__
    raise exc
venv\Lib\site-packages\starlette\middleware\errors.py:164: in __call__
    await self.app(scope, receive, _send)
venv\Lib\site-packages\starlette\middleware\cors.py:88: in __call__
    await self.app(scope, receive, send)
venv\Lib\site-packages\starlette\middleware\exceptions.py:63: in __call__
    await wrap_app_handling_exceptions(self.app, conn)(scope, receive, send)
venv\Lib\site-packages\starlette\_exception_handler.py:53: in wrapped_app
    raise exc
venv\Lib\site-packages\starlette\_exception_handler.py:42: in wrapped_app
    await app(scope, receive, sender)
venv\Lib\site-packages\fastapi\middleware\asyncexitstack.py:18: in __call__
    await self.app(scope, receive, send)
venv\Lib\site-packages\starlette\routing.py:670: in __call__
    await self.middleware_stack(scope, receive, send)
venv\Lib\site-packages\fastapi\routing.py:2734: in app
    await route.handle(scope, receive, send)
venv\Lib\site-packages\fastapi\routing.py:1281: in handle
    await super().handle(scope, receive, send)
venv\Lib\site-packages\starlette\routing.py:280: in handle
    await self.app(scope, receive, send)
venv\Lib\site-packages\fastapi\routing.py:158: in app
    await wrap_app_handling_exceptions(app, request)(scope, receive, send)
venv\Lib\site-packages\starlette\_exception_handler.py:53: in wrapped_app
    raise exc
venv\Lib\site-packages\starlette\_exception_handler.py:42: in wrapped_app
    await app(scope, receive, sender)
venv\Lib\site-packages\fastapi\routing.py:144: in app
    response = await f(request)
               ^^^^^^^^^^^^^^^^
venv\Lib\site-packages\fastapi\routing.py:706: in app
    raw_response = await run_endpoint_function(
venv\Lib\site-packages\fastapi\routing.py:352: in run_endpoint_function
    return await dependant.call(**values)
           ^^^^^^^^^^^^^^^^^^^^^^^^^^^^^^
app\main.py:141: in analyze_image
    db.commit()
venv\Lib\site-packages\sqlalchemy\orm\session.py:2035: in commit
    trans.commit(_to_root=True)
<string>:2: in commit
    ???
venv\Lib\site-packages\sqlalchemy\orm\state_changes.py:137: in _go
    ret_value = fn(self, *arg, **kw)
                ^^^^^^^^^^^^^^^^^^^^
venv\Lib\site-packages\sqlalchemy\orm\session.py:1316: in commit
    self._prepare_impl()
<string>:2: in _prepare_impl
    ???
venv\Lib\site-packages\sqlalchemy\orm\state_changes.py:137: in _go
    ret_value = fn(self, *arg, **kw)
                ^^^^^^^^^^^^^^^^^^^^
venv\Lib\site-packages\sqlalchemy\orm\session.py:1290: in _prepare_impl
    self.session.flush()
venv\Lib\site-packages\sqlalchemy\orm\session.py:4353: in flush
    self._flush(objects)
venv\Lib\site-packages\sqlalchemy\orm\session.py:4488: in _flush
    with util.safe_reraise():
         ^^^^^^^^^^^^^^^^^^^
venv\Lib\site-packages\sqlalchemy\util\langhelpers.py:122: in __exit__
    raise exc_value.with_traceback(exc_tb)
venv\Lib\site-packages\sqlalchemy\orm\session.py:4449: in _flush
    flush_context.execute()
venv\Lib\site-packages\sqlalchemy\orm\unitofwork.py:465: in execute
    rec.execute(self)
venv\Lib\site-packages\sqlalchemy\orm\unitofwork.py:641: in execute
    util.preloaded.orm_persistence.save_obj(
venv\Lib\site-packages\sqlalchemy\orm\persistence.py:94: in save_obj
    _emit_insert_statements(
venv\Lib\site-packages\sqlalchemy\orm\persistence.py:1234: in _emit_insert_statements
    result = connection.execute(
venv\Lib\site-packages\sqlalchemy\engine\base.py:1421: in execute
    return meth(
venv\Lib\site-packages\sqlalchemy\sql\elements.py:526: in _execute_on_connection
    return connection._execute_clauseelement(
venv\Lib\site-packages\sqlalchemy\engine\base.py:1643: in _execute_clauseelement
    ret = self._execute_context(
venv\Lib\site-packages\sqlalchemy\engine\base.py:1848: in _execute_context
    return self._exec_single_context(
venv\Lib\site-packages\sqlalchemy\engine\base.py:1988: in _exec_single_context
    self._handle_dbapi_exception(
venv\Lib\site-packages\sqlalchemy\engine\base.py:2365: in _handle_dbapi_exception
    raise sqlalchemy_exception.with_traceback(exc_info[2]) from e
venv\Lib\site-packages\sqlalchemy\engine\base.py:1969: in _exec_single_context
    self.dialect.do_execute(
venv\Lib\site-packages\sqlalchemy\engine\default.py:952: in do_execute
    cursor.execute(statement, parameters)
E   sqlalchemy.exc.OperationalError: (sqlite3.OperationalError) no such table: analysis_results
E   [SQL: INSERT INTO analysis_results (filename, content_type, file_size_bytes, image_width, image_height, image_path, thumbnail_path, quality_score, quality_label, recommended_action, issues, image_stats, created_at) VALUES (?, ?, ?, ?, ?, ?, ?, ?, ?, ?, ?, ?, ?)]
E   [parameters: ('blurry.jpg', 'image/jpeg', 43523, 600, 400, '/static/uploads/a71f40f537214a01858ff39ba84c0615.jpg', None, 72.7, 'DEGRADED', 'REJECT', '[{"type": "blur", "severity": "high", "confidence": 1.0, "description": "Image lacks sharp edges / fine detail, consistent with defocus or motion blu ... (13 characters truncated) ... e": {"sharpness_lap_var": 3.6242, "sharpness_norm": 0.0012, "sharpness_tenengrad": 1131.4738, "edge_density": 0.0031, "gradient_coherence": 0.0565}}]', '{"sharpness_lap_var": 3.6242, "sharpness_norm": 0.0012, "sharpness_tenengrad": 1131.4738, "brightness_mean": 103.6406, "brightness_std": 54.4987, "co ... (251 characters truncated) ... oherence": 0.0565, "colorfulness": 73.9889, "saturation_mean": 183.0894, "entropy": 7.5962, "blockiness": 0.0612, "channel_mean_asymmetry": 107.0782}', '2026-08-28 18:44:30.090385')]
E   (Background on this error at: https://sqlalche.me/e/20/e3q8)
_____________________________ test_analyze_noisy ______________________________
venv\Lib\site-packages\sqlalchemy\engine\base.py:1969: in _exec_single_context
    self.dialect.do_execute(
venv\Lib\site-packages\sqlalchemy\engine\default.py:952: in do_execute
    cursor.execute(statement, parameters)
E   sqlite3.OperationalError: no such table: analysis_results

The above exception was the direct cause of the following exception:
tests\test_api.py:45: in test_analyze_noisy
    data = _analyze(client, "noisy.jpg")
           ^^^^^^^^^^^^^^^^^^^^^^^^^^^^^
tests\test_api.py:20: in _analyze
    response = client.post("/api/analyze", files={"file": (filename, f, "image/jpeg")})
               ^^^^^^^^^^^^^^^^^^^^^^^^^^^^^^^^^^^^^^^^^^^^^^^^^^^^^^^^^^^^^^^^^^^^^^^^
venv\Lib\site-packages\starlette\testclient.py:556: in post
    return super().post(
venv\Lib\site-packages\httpx\_client.py:1144: in post
    return self.request(
venv\Lib\site-packages\starlette\testclient.py:455: in request
    return super().request(
venv\Lib\site-packages\httpx\_client.py:825: in request
    return self.send(request, auth=auth, follow_redirects=follow_redirects)
           ^^^^^^^^^^^^^^^^^^^^^^^^^^^^^^^^^^^^^^^^^^^^^^^^^^^^^^^^^^^^^^^^
venv\Lib\site-packages\httpx\_client.py:914: in send
    response = self._send_handling_auth(
venv\Lib\site-packages\httpx\_client.py:942: in _send_handling_auth
    response = self._send_handling_redirects(
venv\Lib\site-packages\httpx\_client.py:979: in _send_handling_redirects
    response = self._send_single_request(request)
               ^^^^^^^^^^^^^^^^^^^^^^^^^^^^^^^^^^
venv\Lib\site-packages\httpx\_client.py:1014: in _send_single_request
    response = transport.handle_request(request)
               ^^^^^^^^^^^^^^^^^^^^^^^^^^^^^^^^^
venv\Lib\site-packages\starlette\testclient.py:354: in handle_request
    raise exc
venv\Lib\site-packages\starlette\testclient.py:351: in handle_request
    portal.call(self.app, scope, receive, send)
venv\Lib\site-packages\anyio\from_thread.py:338: in call
    return cast(T_Retval, self.start_task_soon(func, *args).result())
                          ^^^^^^^^^^^^^^^^^^^^^^^^^^^^^^^^^^^^^^^^^^
..\..\..\..\anaconda3\Lib\concurrent\futures\_base.py:456: in result
    return self.__get_result()
           ^^^^^^^^^^^^^^^^^^^
..\..\..\..\anaconda3\Lib\concurrent\futures\_base.py:401: in __get_result
    raise self._exception
venv\Lib\site-packages\anyio\from_thread.py:263: in _call_func
    retval = await retval_or_awaitable
             ^^^^^^^^^^^^^^^^^^^^^^^^^
venv\Lib\site-packages\fastapi\applications.py:1163: in __call__
    await super().__call__(scope, receive, send)
venv\Lib\site-packages\starlette\applications.py:96: in __call__
    await self.middleware_stack(scope, receive, send)
venv\Lib\site-packages\starlette\middleware\errors.py:186: in __call__
    raise exc
venv\Lib\site-packages\starlette\middleware\errors.py:164: in __call__
    await self.app(scope, receive, _send)
venv\Lib\site-packages\starlette\middleware\cors.py:88: in __call__
    await self.app(scope, receive, send)
venv\Lib\site-packages\starlette\middleware\exceptions.py:63: in __call__
    await wrap_app_handling_exceptions(self.app, conn)(scope, receive, send)
venv\Lib\site-packages\starlette\_exception_handler.py:53: in wrapped_app
    raise exc
venv\Lib\site-packages\starlette\_exception_handler.py:42: in wrapped_app
    await app(scope, receive, sender)
venv\Lib\site-packages\fastapi\middleware\asyncexitstack.py:18: in __call__
    await self.app(scope, receive, send)
venv\Lib\site-packages\starlette\routing.py:670: in __call__
    await self.middleware_stack(scope, receive, send)
venv\Lib\site-packages\fastapi\routing.py:2734: in app
    await route.handle(scope, receive, send)
venv\Lib\site-packages\fastapi\routing.py:1281: in handle
    await super().handle(scope, receive, send)
venv\Lib\site-packages\starlette\routing.py:280: in handle
    await self.app(scope, receive, send)
venv\Lib\site-packages\fastapi\routing.py:158: in app
    await wrap_app_handling_exceptions(app, request)(scope, receive, send)
venv\Lib\site-packages\starlette\_exception_handler.py:53: in wrapped_app
    raise exc
venv\Lib\site-packages\starlette\_exception_handler.py:42: in wrapped_app
    await app(scope, receive, sender)
venv\Lib\site-packages\fastapi\routing.py:144: in app
    response = await f(request)
               ^^^^^^^^^^^^^^^^
venv\Lib\site-packages\fastapi\routing.py:706: in app
    raw_response = await run_endpoint_function(
venv\Lib\site-packages\fastapi\routing.py:352: in run_endpoint_function
    return await dependant.call(**values)
           ^^^^^^^^^^^^^^^^^^^^^^^^^^^^^^
app\main.py:141: in analyze_image
    db.commit()
venv\Lib\site-packages\sqlalchemy\orm\session.py:2035: in commit
    trans.commit(_to_root=True)
<string>:2: in commit
    ???
venv\Lib\site-packages\sqlalchemy\orm\state_changes.py:137: in _go
    ret_value = fn(self, *arg, **kw)
                ^^^^^^^^^^^^^^^^^^^^
venv\Lib\site-packages\sqlalchemy\orm\session.py:1316: in commit
    self._prepare_impl()
<string>:2: in _prepare_impl
    ???
venv\Lib\site-packages\sqlalchemy\orm\state_changes.py:137: in _go
    ret_value = fn(self, *arg, **kw)
                ^^^^^^^^^^^^^^^^^^^^
venv\Lib\site-packages\sqlalchemy\orm\session.py:1290: in _prepare_impl
    self.session.flush()
venv\Lib\site-packages\sqlalchemy\orm\session.py:4353: in flush
    self._flush(objects)
venv\Lib\site-packages\sqlalchemy\orm\session.py:4488: in _flush
    with util.safe_reraise():
         ^^^^^^^^^^^^^^^^^^^
venv\Lib\site-packages\sqlalchemy\util\langhelpers.py:122: in __exit__
    raise exc_value.with_traceback(exc_tb)
venv\Lib\site-packages\sqlalchemy\orm\session.py:4449: in _flush
    flush_context.execute()
venv\Lib\site-packages\sqlalchemy\orm\unitofwork.py:465: in execute
    rec.execute(self)
venv\Lib\site-packages\sqlalchemy\orm\unitofwork.py:641: in execute
    util.preloaded.orm_persistence.save_obj(
venv\Lib\site-packages\sqlalchemy\orm\persistence.py:94: in save_obj
    _emit_insert_statements(
venv\Lib\site-packages\sqlalchemy\orm\persistence.py:1234: in _emit_insert_statements
    result = connection.execute(
venv\Lib\site-packages\sqlalchemy\engine\base.py:1421: in execute
    return meth(
venv\Lib\site-packages\sqlalchemy\sql\elements.py:526: in _execute_on_connection
    return connection._execute_clauseelement(
venv\Lib\site-packages\sqlalchemy\engine\base.py:1643: in _execute_clauseelement
    ret = self._execute_context(
venv\Lib\site-packages\sqlalchemy\engine\base.py:1848: in _execute_context
    return self._exec_single_context(
venv\Lib\site-packages\sqlalchemy\engine\base.py:1988: in _exec_single_context
    self._handle_dbapi_exception(
venv\Lib\site-packages\sqlalchemy\engine\base.py:2365: in _handle_dbapi_exception
    raise sqlalchemy_exception.with_traceback(exc_info[2]) from e
venv\Lib\site-packages\sqlalchemy\engine\base.py:1969: in _exec_single_context
    self.dialect.do_execute(
venv\Lib\site-packages\sqlalchemy\engine\default.py:952: in do_execute
    cursor.execute(statement, parameters)
E   sqlalchemy.exc.OperationalError: (sqlite3.OperationalError) no such table: analysis_results
E   [SQL: INSERT INTO analysis_results (filename, content_type, file_size_bytes, image_width, image_height, image_path, thumbnail_path, quality_score, quality_label, recommended_action, issues, image_stats, created_at) VALUES (?, ?, ?, ?, ?, ?, ?, ?, ?, ?, ?, ?, ?)]
E   [parameters: ('noisy.jpg', 'image/jpeg', 209367, 600, 400, '/static/uploads/72994ec6ff9f4542b10f0f8bca8d9346.jpg', None, 79.5, 'DEGRADED', 'REJECT', '[{"type": "noise", "severity": "high", "confidence": 1.0, "description": "Visible sensor/compression noise (graininess) detected, especially in flat regions.", "evidence": {"noise_estimate": 20.5674, "noise_local_var": 0.0, "noise_high_freq_energy": 0.0221}}]', '{"sharpness_lap_var": 8906.066, "sharpness_norm": 2.6252, "sharpness_tenengrad": 17679.2798, "brightness_mean": 104.5757, "brightness_std": 58.2459,  ... (250 characters truncated) ... t_coherence": 0.0074, "colorfulness": 79.1983, "saturation_mean": 175.6976, "entropy": 7.8033, "blockiness": 0.0, "channel_mean_asymmetry": 101.9562}', '2026-08-28 18:44:31.165340')]
E   (Background on this error at: https://sqlalche.me/e/20/e3q8)
__________________________ test_analyze_underexposed __________________________
venv\Lib\site-packages\sqlalchemy\engine\base.py:1969: in _exec_single_context
    self.dialect.do_execute(
venv\Lib\site-packages\sqlalchemy\engine\default.py:952: in do_execute
    cursor.execute(statement, parameters)
E   sqlite3.OperationalError: no such table: analysis_results

The above exception was the direct cause of the following exception:
tests\test_api.py:51: in test_analyze_underexposed
    data = _analyze(client, "underexposed_dark.jpg")
           ^^^^^^^^^^^^^^^^^^^^^^^^^^^^^^^^^^^^^^^^^
tests\test_api.py:20: in _analyze
    response = client.post("/api/analyze", files={"file": (filename, f, "image/jpeg")})
               ^^^^^^^^^^^^^^^^^^^^^^^^^^^^^^^^^^^^^^^^^^^^^^^^^^^^^^^^^^^^^^^^^^^^^^^^
venv\Lib\site-packages\starlette\testclient.py:556: in post
    return super().post(
venv\Lib\site-packages\httpx\_client.py:1144: in post
    return self.request(
venv\Lib\site-packages\starlette\testclient.py:455: in request
    return super().request(
venv\Lib\site-packages\httpx\_client.py:825: in request
    return self.send(request, auth=auth, follow_redirects=follow_redirects)
           ^^^^^^^^^^^^^^^^^^^^^^^^^^^^^^^^^^^^^^^^^^^^^^^^^^^^^^^^^^^^^^^^
venv\Lib\site-packages\httpx\_client.py:914: in send
    response = self._send_handling_auth(
venv\Lib\site-packages\httpx\_client.py:942: in _send_handling_auth
    response = self._send_handling_redirects(
venv\Lib\site-packages\httpx\_client.py:979: in _send_handling_redirects
    response = self._send_single_request(request)
               ^^^^^^^^^^^^^^^^^^^^^^^^^^^^^^^^^^
venv\Lib\site-packages\httpx\_client.py:1014: in _send_single_request
    response = transport.handle_request(request)
               ^^^^^^^^^^^^^^^^^^^^^^^^^^^^^^^^^
venv\Lib\site-packages\starlette\testclient.py:354: in handle_request
    raise exc
venv\Lib\site-packages\starlette\testclient.py:351: in handle_request
    portal.call(self.app, scope, receive, send)
venv\Lib\site-packages\anyio\from_thread.py:338: in call
    return cast(T_Retval, self.start_task_soon(func, *args).result())
                          ^^^^^^^^^^^^^^^^^^^^^^^^^^^^^^^^^^^^^^^^^^
..\..\..\..\anaconda3\Lib\concurrent\futures\_base.py:456: in result
    return self.__get_result()
           ^^^^^^^^^^^^^^^^^^^
..\..\..\..\anaconda3\Lib\concurrent\futures\_base.py:401: in __get_result
    raise self._exception
venv\Lib\site-packages\anyio\from_thread.py:263: in _call_func
    retval = await retval_or_awaitable
             ^^^^^^^^^^^^^^^^^^^^^^^^^
venv\Lib\site-packages\fastapi\applications.py:1163: in __call__
    await super().__call__(scope, receive, send)
venv\Lib\site-packages\starlette\applications.py:96: in __call__
    await self.middleware_stack(scope, receive, send)
venv\Lib\site-packages\starlette\middleware\errors.py:186: in __call__
    raise exc
venv\Lib\site-packages\starlette\middleware\errors.py:164: in __call__
    await self.app(scope, receive, _send)
venv\Lib\site-packages\starlette\middleware\cors.py:88: in __call__
    await self.app(scope, receive, send)
venv\Lib\site-packages\starlette\middleware\exceptions.py:63: in __call__
    await wrap_app_handling_exceptions(self.app, conn)(scope, receive, send)
venv\Lib\site-packages\starlette\_exception_handler.py:53: in wrapped_app
    raise exc
venv\Lib\site-packages\starlette\_exception_handler.py:42: in wrapped_app
    await app(scope, receive, sender)
venv\Lib\site-packages\fastapi\middleware\asyncexitstack.py:18: in __call__
    await self.app(scope, receive, send)
venv\Lib\site-packages\starlette\routing.py:670: in __call__
    await self.middleware_stack(scope, receive, send)
venv\Lib\site-packages\fastapi\routing.py:2734: in app
    await route.handle(scope, receive, send)
venv\Lib\site-packages\fastapi\routing.py:1281: in handle
    await super().handle(scope, receive, send)
venv\Lib\site-packages\starlette\routing.py:280: in handle
    await self.app(scope, receive, send)
venv\Lib\site-packages\fastapi\routing.py:158: in app
    await wrap_app_handling_exceptions(app, request)(scope, receive, send)
venv\Lib\site-packages\starlette\_exception_handler.py:53: in wrapped_app
    raise exc
venv\Lib\site-packages\starlette\_exception_handler.py:42: in wrapped_app
    await app(scope, receive, sender)
venv\Lib\site-packages\fastapi\routing.py:144: in app
    response = await f(request)
               ^^^^^^^^^^^^^^^^
venv\Lib\site-packages\fastapi\routing.py:706: in app
    raw_response = await run_endpoint_function(
venv\Lib\site-packages\fastapi\routing.py:352: in run_endpoint_function
    return await dependant.call(**values)
           ^^^^^^^^^^^^^^^^^^^^^^^^^^^^^^
app\main.py:141: in analyze_image
    db.commit()
venv\Lib\site-packages\sqlalchemy\orm\session.py:2035: in commit
    trans.commit(_to_root=True)
<string>:2: in commit
    ???
venv\Lib\site-packages\sqlalchemy\orm\state_changes.py:137: in _go
    ret_value = fn(self, *arg, **kw)
                ^^^^^^^^^^^^^^^^^^^^
venv\Lib\site-packages\sqlalchemy\orm\session.py:1316: in commit
    self._prepare_impl()
<string>:2: in _prepare_impl
    ???
venv\Lib\site-packages\sqlalchemy\orm\state_changes.py:137: in _go
    ret_value = fn(self, *arg, **kw)
                ^^^^^^^^^^^^^^^^^^^^
venv\Lib\site-packages\sqlalchemy\orm\session.py:1290: in _prepare_impl
    self.session.flush()
venv\Lib\site-packages\sqlalchemy\orm\session.py:4353: in flush
    self._flush(objects)
venv\Lib\site-packages\sqlalchemy\orm\session.py:4488: in _flush
    with util.safe_reraise():
         ^^^^^^^^^^^^^^^^^^^
venv\Lib\site-packages\sqlalchemy\util\langhelpers.py:122: in __exit__
    raise exc_value.with_traceback(exc_tb)
venv\Lib\site-packages\sqlalchemy\orm\session.py:4449: in _flush
    flush_context.execute()
venv\Lib\site-packages\sqlalchemy\orm\unitofwork.py:465: in execute
    rec.execute(self)
venv\Lib\site-packages\sqlalchemy\orm\unitofwork.py:641: in execute
    util.preloaded.orm_persistence.save_obj(
venv\Lib\site-packages\sqlalchemy\orm\persistence.py:94: in save_obj
    _emit_insert_statements(
venv\Lib\site-packages\sqlalchemy\orm\persistence.py:1234: in _emit_insert_statements
    result = connection.execute(
venv\Lib\site-packages\sqlalchemy\engine\base.py:1421: in execute
    return meth(
venv\Lib\site-packages\sqlalchemy\sql\elements.py:526: in _execute_on_connection
    return connection._execute_clauseelement(
venv\Lib\site-packages\sqlalchemy\engine\base.py:1643: in _execute_clauseelement
    ret = self._execute_context(
venv\Lib\site-packages\sqlalchemy\engine\base.py:1848: in _execute_context
    return self._exec_single_context(
venv\Lib\site-packages\sqlalchemy\engine\base.py:1988: in _exec_single_context
    self._handle_dbapi_exception(
venv\Lib\site-packages\sqlalchemy\engine\base.py:2365: in _handle_dbapi_exception
    raise sqlalchemy_exception.with_traceback(exc_info[2]) from e
venv\Lib\site-packages\sqlalchemy\engine\base.py:1969: in _exec_single_context
    self.dialect.do_execute(
venv\Lib\site-packages\sqlalchemy\engine\default.py:952: in do_execute
    cursor.execute(statement, parameters)
E   sqlalchemy.exc.OperationalError: (sqlite3.OperationalError) no such table: analysis_results
E   [SQL: INSERT INTO analysis_results (filename, content_type, file_size_bytes, image_width, image_height, image_path, thumbnail_path, quality_score, quality_label, recommended_action, issues, image_stats, created_at) VALUES (?, ?, ?, ?, ?, ?, ?, ?, ?, ?, ?, ?, ?)]
E   [parameters: ('underexposed_dark.jpg', 'image/jpeg', 35934, 600, 400, '/static/uploads/6a911ffc7d9940318c1ed2f950a4f43a.jpg', None, 77.0, 'DEGRADED', 'REJECT', '[{"type": "underexposure", "severity": "high", "confidence": 0.999, "description": "Image is too dark; shadow detail is likely clipped/lost.", "evide ... (341 characters truncated) ... y. Flagged by an anomaly detector for manual review.", "evidence": {"dark_pixel_ratio": 0.9072, "hist_low_mass": 0.9674, "brightness_mean": 6.1864}}]', '{"sharpness_lap_var": 43.5353, "sharpness_norm": 0.7071, "sharpness_tenengrad": 278.3591, "brightness_mean": 6.1864, "brightness_std": 7.8468, "contr ... (241 characters truncated) ... _coherence": 0.0292, "colorfulness": 11.8944, "saturation_mean": 195.5498, "entropy": 4.0682, "blockiness": 0.1589, "channel_mean_asymmetry": 11.046}', '2026-08-28 18:44:32.231471')]
E   (Background on this error at: https://sqlalche.me/e/20/e3q8)
__________________________ test_analyze_overexposed ___________________________
venv\Lib\site-packages\sqlalchemy\engine\base.py:1969: in _exec_single_context
    self.dialect.do_execute(
venv\Lib\site-packages\sqlalchemy\engine\default.py:952: in do_execute
    cursor.execute(statement, parameters)
E   sqlite3.OperationalError: no such table: analysis_results

The above exception was the direct cause of the following exception:
tests\test_api.py:57: in test_analyze_overexposed
    data = _analyze(client, "overexposed_bright.jpg")
           ^^^^^^^^^^^^^^^^^^^^^^^^^^^^^^^^^^^^^^^^^^
tests\test_api.py:20: in _analyze
    response = client.post("/api/analyze", files={"file": (filename, f, "image/jpeg")})
               ^^^^^^^^^^^^^^^^^^^^^^^^^^^^^^^^^^^^^^^^^^^^^^^^^^^^^^^^^^^^^^^^^^^^^^^^
venv\Lib\site-packages\starlette\testclient.py:556: in post
    return super().post(
venv\Lib\site-packages\httpx\_client.py:1144: in post
    return self.request(
venv\Lib\site-packages\starlette\testclient.py:455: in request
    return super().request(
venv\Lib\site-packages\httpx\_client.py:825: in request
    return self.send(request, auth=auth, follow_redirects=follow_redirects)
           ^^^^^^^^^^^^^^^^^^^^^^^^^^^^^^^^^^^^^^^^^^^^^^^^^^^^^^^^^^^^^^^^
venv\Lib\site-packages\httpx\_client.py:914: in send
    response = self._send_handling_auth(
venv\Lib\site-packages\httpx\_client.py:942: in _send_handling_auth
    response = self._send_handling_redirects(
venv\Lib\site-packages\httpx\_client.py:979: in _send_handling_redirects
    response = self._send_single_request(request)
               ^^^^^^^^^^^^^^^^^^^^^^^^^^^^^^^^^^
venv\Lib\site-packages\httpx\_client.py:1014: in _send_single_request
    response = transport.handle_request(request)
               ^^^^^^^^^^^^^^^^^^^^^^^^^^^^^^^^^
venv\Lib\site-packages\starlette\testclient.py:354: in handle_request
    raise exc
venv\Lib\site-packages\starlette\testclient.py:351: in handle_request
    portal.call(self.app, scope, receive, send)
venv\Lib\site-packages\anyio\from_thread.py:338: in call
    return cast(T_Retval, self.start_task_soon(func, *args).result())
                          ^^^^^^^^^^^^^^^^^^^^^^^^^^^^^^^^^^^^^^^^^^
..\..\..\..\anaconda3\Lib\concurrent\futures\_base.py:456: in result
    return self.__get_result()
           ^^^^^^^^^^^^^^^^^^^
..\..\..\..\anaconda3\Lib\concurrent\futures\_base.py:401: in __get_result
    raise self._exception
venv\Lib\site-packages\anyio\from_thread.py:263: in _call_func
    retval = await retval_or_awaitable
             ^^^^^^^^^^^^^^^^^^^^^^^^^
venv\Lib\site-packages\fastapi\applications.py:1163: in __call__
    await super().__call__(scope, receive, send)
venv\Lib\site-packages\starlette\applications.py:96: in __call__
    await self.middleware_stack(scope, receive, send)
venv\Lib\site-packages\starlette\middleware\errors.py:186: in __call__
    raise exc
venv\Lib\site-packages\starlette\middleware\errors.py:164: in __call__
    await self.app(scope, receive, _send)
venv\Lib\site-packages\starlette\middleware\cors.py:88: in __call__
    await self.app(scope, receive, send)
venv\Lib\site-packages\starlette\middleware\exceptions.py:63: in __call__
    await wrap_app_handling_exceptions(self.app, conn)(scope, receive, send)
venv\Lib\site-packages\starlette\_exception_handler.py:53: in wrapped_app
    raise exc
venv\Lib\site-packages\starlette\_exception_handler.py:42: in wrapped_app
    await app(scope, receive, sender)
venv\Lib\site-packages\fastapi\middleware\asyncexitstack.py:18: in __call__
    await self.app(scope, receive, send)
venv\Lib\site-packages\starlette\routing.py:670: in __call__
    await self.middleware_stack(scope, receive, send)
venv\Lib\site-packages\fastapi\routing.py:2734: in app
    await route.handle(scope, receive, send)
venv\Lib\site-packages\fastapi\routing.py:1281: in handle
    await super().handle(scope, receive, send)
venv\Lib\site-packages\starlette\routing.py:280: in handle
    await self.app(scope, receive, send)
venv\Lib\site-packages\fastapi\routing.py:158: in app
    await wrap_app_handling_exceptions(app, request)(scope, receive, send)
venv\Lib\site-packages\starlette\_exception_handler.py:53: in wrapped_app
    raise exc
venv\Lib\site-packages\starlette\_exception_handler.py:42: in wrapped_app
    await app(scope, receive, sender)
venv\Lib\site-packages\fastapi\routing.py:144: in app
    response = await f(request)
               ^^^^^^^^^^^^^^^^
venv\Lib\site-packages\fastapi\routing.py:706: in app
    raw_response = await run_endpoint_function(
venv\Lib\site-packages\fastapi\routing.py:352: in run_endpoint_function
    return await dependant.call(**values)
           ^^^^^^^^^^^^^^^^^^^^^^^^^^^^^^
app\main.py:141: in analyze_image
    db.commit()
venv\Lib\site-packages\sqlalchemy\orm\session.py:2035: in commit
    trans.commit(_to_root=True)
<string>:2: in commit
    ???
venv\Lib\site-packages\sqlalchemy\orm\state_changes.py:137: in _go
    ret_value = fn(self, *arg, **kw)
                ^^^^^^^^^^^^^^^^^^^^
venv\Lib\site-packages\sqlalchemy\orm\session.py:1316: in commit
    self._prepare_impl()
<string>:2: in _prepare_impl
    ???
venv\Lib\site-packages\sqlalchemy\orm\state_changes.py:137: in _go
    ret_value = fn(self, *arg, **kw)
                ^^^^^^^^^^^^^^^^^^^^
venv\Lib\site-packages\sqlalchemy\orm\session.py:1290: in _prepare_impl
    self.session.flush()
venv\Lib\site-packages\sqlalchemy\orm\session.py:4353: in flush
    self._flush(objects)
venv\Lib\site-packages\sqlalchemy\orm\session.py:4488: in _flush
    with util.safe_reraise():
         ^^^^^^^^^^^^^^^^^^^
venv\Lib\site-packages\sqlalchemy\util\langhelpers.py:122: in __exit__
    raise exc_value.with_traceback(exc_tb)
venv\Lib\site-packages\sqlalchemy\orm\session.py:4449: in _flush
    flush_context.execute()
venv\Lib\site-packages\sqlalchemy\orm\unitofwork.py:465: in execute
    rec.execute(self)
venv\Lib\site-packages\sqlalchemy\orm\unitofwork.py:641: in execute
    util.preloaded.orm_persistence.save_obj(
venv\Lib\site-packages\sqlalchemy\orm\persistence.py:94: in save_obj
    _emit_insert_statements(
venv\Lib\site-packages\sqlalchemy\orm\persistence.py:1234: in _emit_insert_statements
    result = connection.execute(
venv\Lib\site-packages\sqlalchemy\engine\base.py:1421: in execute
    return meth(
venv\Lib\site-packages\sqlalchemy\sql\elements.py:526: in _execute_on_connection
    return connection._execute_clauseelement(
venv\Lib\site-packages\sqlalchemy\engine\base.py:1643: in _execute_clauseelement
    ret = self._execute_context(
venv\Lib\site-packages\sqlalchemy\engine\base.py:1848: in _execute_context
    return self._exec_single_context(
venv\Lib\site-packages\sqlalchemy\engine\base.py:1988: in _exec_single_context
    self._handle_dbapi_exception(
venv\Lib\site-packages\sqlalchemy\engine\base.py:2365: in _handle_dbapi_exception
    raise sqlalchemy_exception.with_traceback(exc_info[2]) from e
venv\Lib\site-packages\sqlalchemy\engine\base.py:1969: in _exec_single_context
    self.dialect.do_execute(
venv\Lib\site-packages\sqlalchemy\engine\default.py:952: in do_execute
    cursor.execute(statement, parameters)
E   sqlalchemy.exc.OperationalError: (sqlite3.OperationalError) no such table: analysis_results
E   [SQL: INSERT INTO analysis_results (filename, content_type, file_size_bytes, image_width, image_height, image_path, thumbnail_path, quality_score, quality_label, recommended_action, issues, image_stats, created_at) VALUES (?, ?, ?, ?, ?, ?, ?, ?, ?, ?, ?, ?, ?)]
E   [parameters: ('overexposed_bright.jpg', 'image/jpeg', 94891, 600, 400, '/static/uploads/02c888b240764b4a9ff65d216797457b.jpg', None, 74.7, 'DEGRADED', 'REJECT', '[{"type": "overexposure", "severity": "medium", "confidence": 1.0, "description": "Image is too bright; highlight detail is likely clipped/blown out. ... (360 characters truncated) ... agged by an anomaly detector for manual review.", "evidence": {"hist_high_mass": 0.6026, "bright_pixel_ratio": 0.5449, "brightness_mean": 212.2443}}]', '{"sharpness_lap_var": 665.8226, "sharpness_norm": 0.245, "sharpness_tenengrad": 4330.8799, "brightness_mean": 212.2443, "brightness_std": 52.1297, "c ... (243 characters truncated) ... nt_coherence": 0.0266, "colorfulness": 80.5739, "saturation_mean": 80.2902, "entropy": 6.1884, "blockiness": 0.016, "channel_mean_asymmetry": 73.001}', '2026-08-28 18:44:33.321609')]
E   (Background on this error at: https://sqlalche.me/e/20/e3q8)
___________________________ test_analyze_corrupted ____________________________
venv\Lib\site-packages\sqlalchemy\engine\base.py:1969: in _exec_single_context
    self.dialect.do_execute(
venv\Lib\site-packages\sqlalchemy\engine\default.py:952: in do_execute
    cursor.execute(statement, parameters)
E   sqlite3.OperationalError: no such table: analysis_results

The above exception was the direct cause of the following exception:
tests\test_api.py:63: in test_analyze_corrupted
    data = _analyze(client, "corrupted_defective.jpg")
           ^^^^^^^^^^^^^^^^^^^^^^^^^^^^^^^^^^^^^^^^^^^
tests\test_api.py:20: in _analyze
    response = client.post("/api/analyze", files={"file": (filename, f, "image/jpeg")})
               ^^^^^^^^^^^^^^^^^^^^^^^^^^^^^^^^^^^^^^^^^^^^^^^^^^^^^^^^^^^^^^^^^^^^^^^^
venv\Lib\site-packages\starlette\testclient.py:556: in post
    return super().post(
venv\Lib\site-packages\httpx\_client.py:1144: in post
    return self.request(
venv\Lib\site-packages\starlette\testclient.py:455: in request
    return super().request(
venv\Lib\site-packages\httpx\_client.py:825: in request
    return self.send(request, auth=auth, follow_redirects=follow_redirects)
           ^^^^^^^^^^^^^^^^^^^^^^^^^^^^^^^^^^^^^^^^^^^^^^^^^^^^^^^^^^^^^^^^
venv\Lib\site-packages\httpx\_client.py:914: in send
    response = self._send_handling_auth(
venv\Lib\site-packages\httpx\_client.py:942: in _send_handling_auth
    response = self._send_handling_redirects(
venv\Lib\site-packages\httpx\_client.py:979: in _send_handling_redirects
    response = self._send_single_request(request)
               ^^^^^^^^^^^^^^^^^^^^^^^^^^^^^^^^^^
venv\Lib\site-packages\httpx\_client.py:1014: in _send_single_request
    response = transport.handle_request(request)
               ^^^^^^^^^^^^^^^^^^^^^^^^^^^^^^^^^
venv\Lib\site-packages\starlette\testclient.py:354: in handle_request
    raise exc
venv\Lib\site-packages\starlette\testclient.py:351: in handle_request
    portal.call(self.app, scope, receive, send)
venv\Lib\site-packages\anyio\from_thread.py:338: in call
    return cast(T_Retval, self.start_task_soon(func, *args).result())
                          ^^^^^^^^^^^^^^^^^^^^^^^^^^^^^^^^^^^^^^^^^^
..\..\..\..\anaconda3\Lib\concurrent\futures\_base.py:456: in result
    return self.__get_result()
           ^^^^^^^^^^^^^^^^^^^
..\..\..\..\anaconda3\Lib\concurrent\futures\_base.py:401: in __get_result
    raise self._exception
venv\Lib\site-packages\anyio\from_thread.py:263: in _call_func
    retval = await retval_or_awaitable
             ^^^^^^^^^^^^^^^^^^^^^^^^^
venv\Lib\site-packages\fastapi\applications.py:1163: in __call__
    await super().__call__(scope, receive, send)
venv\Lib\site-packages\starlette\applications.py:96: in __call__
    await self.middleware_stack(scope, receive, send)
venv\Lib\site-packages\starlette\middleware\errors.py:186: in __call__
    raise exc
venv\Lib\site-packages\starlette\middleware\errors.py:164: in __call__
    await self.app(scope, receive, _send)
venv\Lib\site-packages\starlette\middleware\cors.py:88: in __call__
    await self.app(scope, receive, send)
venv\Lib\site-packages\starlette\middleware\exceptions.py:63: in __call__
    await wrap_app_handling_exceptions(self.app, conn)(scope, receive, send)
venv\Lib\site-packages\starlette\_exception_handler.py:53: in wrapped_app
    raise exc
venv\Lib\site-packages\starlette\_exception_handler.py:42: in wrapped_app
    await app(scope, receive, sender)
venv\Lib\site-packages\fastapi\middleware\asyncexitstack.py:18: in __call__
    await self.app(scope, receive, send)
venv\Lib\site-packages\starlette\routing.py:670: in __call__
    await self.middleware_stack(scope, receive, send)
venv\Lib\site-packages\fastapi\routing.py:2734: in app
    await route.handle(scope, receive, send)
venv\Lib\site-packages\fastapi\routing.py:1281: in handle
    await super().handle(scope, receive, send)
venv\Lib\site-packages\starlette\routing.py:280: in handle
    await self.app(scope, receive, send)
venv\Lib\site-packages\fastapi\routing.py:158: in app
    await wrap_app_handling_exceptions(app, request)(scope, receive, send)
venv\Lib\site-packages\starlette\_exception_handler.py:53: in wrapped_app
    raise exc
venv\Lib\site-packages\starlette\_exception_handler.py:42: in wrapped_app
    await app(scope, receive, sender)
venv\Lib\site-packages\fastapi\routing.py:144: in app
    response = await f(request)
               ^^^^^^^^^^^^^^^^
venv\Lib\site-packages\fastapi\routing.py:706: in app
    raw_response = await run_endpoint_function(
venv\Lib\site-packages\fastapi\routing.py:352: in run_endpoint_function
    return await dependant.call(**values)
           ^^^^^^^^^^^^^^^^^^^^^^^^^^^^^^
app\main.py:141: in analyze_image
    db.commit()
venv\Lib\site-packages\sqlalchemy\orm\session.py:2035: in commit
    trans.commit(_to_root=True)
<string>:2: in commit
    ???
venv\Lib\site-packages\sqlalchemy\orm\state_changes.py:137: in _go
    ret_value = fn(self, *arg, **kw)
                ^^^^^^^^^^^^^^^^^^^^
venv\Lib\site-packages\sqlalchemy\orm\session.py:1316: in commit
    self._prepare_impl()
<string>:2: in _prepare_impl
    ???
venv\Lib\site-packages\sqlalchemy\orm\state_changes.py:137: in _go
    ret_value = fn(self, *arg, **kw)
                ^^^^^^^^^^^^^^^^^^^^
venv\Lib\site-packages\sqlalchemy\orm\session.py:1290: in _prepare_impl
    self.session.flush()
venv\Lib\site-packages\sqlalchemy\orm\session.py:4353: in flush
    self._flush(objects)
venv\Lib\site-packages\sqlalchemy\orm\session.py:4488: in _flush
    with util.safe_reraise():
         ^^^^^^^^^^^^^^^^^^^
venv\Lib\site-packages\sqlalchemy\util\langhelpers.py:122: in __exit__
    raise exc_value.with_traceback(exc_tb)
venv\Lib\site-packages\sqlalchemy\orm\session.py:4449: in _flush
    flush_context.execute()
venv\Lib\site-packages\sqlalchemy\orm\unitofwork.py:465: in execute
    rec.execute(self)
venv\Lib\site-packages\sqlalchemy\orm\unitofwork.py:641: in execute
    util.preloaded.orm_persistence.save_obj(
venv\Lib\site-packages\sqlalchemy\orm\persistence.py:94: in save_obj
    _emit_insert_statements(
venv\Lib\site-packages\sqlalchemy\orm\persistence.py:1234: in _emit_insert_statements
    result = connection.execute(
venv\Lib\site-packages\sqlalchemy\engine\base.py:1421: in execute
    return meth(
venv\Lib\site-packages\sqlalchemy\sql\elements.py:526: in _execute_on_connection
    return connection._execute_clauseelement(
venv\Lib\site-packages\sqlalchemy\engine\base.py:1643: in _execute_clauseelement
    ret = self._execute_context(
venv\Lib\site-packages\sqlalchemy\engine\base.py:1848: in _execute_context
    return self._exec_single_context(
venv\Lib\site-packages\sqlalchemy\engine\base.py:1988: in _exec_single_context
    self._handle_dbapi_exception(
venv\Lib\site-packages\sqlalchemy\engine\base.py:2365: in _handle_dbapi_exception
    raise sqlalchemy_exception.with_traceback(exc_info[2]) from e
venv\Lib\site-packages\sqlalchemy\engine\base.py:1969: in _exec_single_context
    self.dialect.do_execute(
venv\Lib\site-packages\sqlalchemy\engine\default.py:952: in do_execute
    cursor.execute(statement, parameters)
E   sqlalchemy.exc.OperationalError: (sqlite3.OperationalError) no such table: analysis_results
E   [SQL: INSERT INTO analysis_results (filename, content_type, file_size_bytes, image_width, image_height, image_path, thumbnail_path, quality_score, quality_label, recommended_action, issues, image_stats, created_at) VALUES (?, ?, ?, ?, ?, ?, ?, ?, ?, ?, ?, ?, ?)]
E   [parameters: ('corrupted_defective.jpg', 'image/jpeg', 30819, 600, 400, '/static/uploads/c5918ca810454f1eaa6208e20c9d9796.jpg', None, 63.4, 'DEFECTIVE', 'REJECT', '[{"type": "corruption", "severity": "low", "confidence": 0.994, "description": "Severe visual degradation consistent with heavy compression artifacts, block loss, or file damage.", "evidence": {"blockiness": 1.7292, "channel_mean_asymmetry": 101.5828, "entropy": 6.5969}}]', '{"sharpness_lap_var": 646.326, "sharpness_norm": 0.188, "sharpness_tenengrad": 8795.9469, "brightness_mean": 105.1924, "brightness_std": 58.637, "con ... (249 characters truncated) ... oherence": 0.0272, "colorfulness": 78.5024, "saturation_mean": 175.3241, "entropy": 6.5969, "blockiness": 1.7292, "channel_mean_asymmetry": 101.5828}', '2026-08-28 18:44:34.468130')]
E   (Background on this error at: https://sqlalche.me/e/20/e3q8)
_____________________ test_analyze_has_recommended_action _____________________
venv\Lib\site-packages\sqlalchemy\engine\base.py:1969: in _exec_single_context
    self.dialect.do_execute(
venv\Lib\site-packages\sqlalchemy\engine\default.py:952: in do_execute
    cursor.execute(statement, parameters)
E   sqlite3.OperationalError: no such table: analysis_results

The above exception was the direct cause of the following exception:
tests\test_api.py:70: in test_analyze_has_recommended_action
    data = _analyze(client, "good_quality.jpg")
           ^^^^^^^^^^^^^^^^^^^^^^^^^^^^^^^^^^^^
tests\test_api.py:20: in _analyze
    response = client.post("/api/analyze", files={"file": (filename, f, "image/jpeg")})
               ^^^^^^^^^^^^^^^^^^^^^^^^^^^^^^^^^^^^^^^^^^^^^^^^^^^^^^^^^^^^^^^^^^^^^^^^
venv\Lib\site-packages\starlette\testclient.py:556: in post
    return super().post(
venv\Lib\site-packages\httpx\_client.py:1144: in post
    return self.request(
venv\Lib\site-packages\starlette\testclient.py:455: in request
    return super().request(
venv\Lib\site-packages\httpx\_client.py:825: in request
    return self.send(request, auth=auth, follow_redirects=follow_redirects)
           ^^^^^^^^^^^^^^^^^^^^^^^^^^^^^^^^^^^^^^^^^^^^^^^^^^^^^^^^^^^^^^^^
venv\Lib\site-packages\httpx\_client.py:914: in send
    response = self._send_handling_auth(
venv\Lib\site-packages\httpx\_client.py:942: in _send_handling_auth
    response = self._send_handling_redirects(
venv\Lib\site-packages\httpx\_client.py:979: in _send_handling_redirects
    response = self._send_single_request(request)
               ^^^^^^^^^^^^^^^^^^^^^^^^^^^^^^^^^^
venv\Lib\site-packages\httpx\_client.py:1014: in _send_single_request
    response = transport.handle_request(request)
               ^^^^^^^^^^^^^^^^^^^^^^^^^^^^^^^^^
venv\Lib\site-packages\starlette\testclient.py:354: in handle_request
    raise exc
venv\Lib\site-packages\starlette\testclient.py:351: in handle_request
    portal.call(self.app, scope, receive, send)
venv\Lib\site-packages\anyio\from_thread.py:338: in call
    return cast(T_Retval, self.start_task_soon(func, *args).result())
                          ^^^^^^^^^^^^^^^^^^^^^^^^^^^^^^^^^^^^^^^^^^
..\..\..\..\anaconda3\Lib\concurrent\futures\_base.py:456: in result
    return self.__get_result()
           ^^^^^^^^^^^^^^^^^^^
..\..\..\..\anaconda3\Lib\concurrent\futures\_base.py:401: in __get_result
    raise self._exception
venv\Lib\site-packages\anyio\from_thread.py:263: in _call_func
    retval = await retval_or_awaitable
             ^^^^^^^^^^^^^^^^^^^^^^^^^
venv\Lib\site-packages\fastapi\applications.py:1163: in __call__
    await super().__call__(scope, receive, send)
venv\Lib\site-packages\starlette\applications.py:96: in __call__
    await self.middleware_stack(scope, receive, send)
venv\Lib\site-packages\starlette\middleware\errors.py:186: in __call__
    raise exc
venv\Lib\site-packages\starlette\middleware\errors.py:164: in __call__
    await self.app(scope, receive, _send)
venv\Lib\site-packages\starlette\middleware\cors.py:88: in __call__
    await self.app(scope, receive, send)
venv\Lib\site-packages\starlette\middleware\exceptions.py:63: in __call__
    await wrap_app_handling_exceptions(self.app, conn)(scope, receive, send)
venv\Lib\site-packages\starlette\_exception_handler.py:53: in wrapped_app
    raise exc
venv\Lib\site-packages\starlette\_exception_handler.py:42: in wrapped_app
    await app(scope, receive, sender)
venv\Lib\site-packages\fastapi\middleware\asyncexitstack.py:18: in __call__
    await self.app(scope, receive, send)
venv\Lib\site-packages\starlette\routing.py:670: in __call__
    await self.middleware_stack(scope, receive, send)
venv\Lib\site-packages\fastapi\routing.py:2734: in app
    await route.handle(scope, receive, send)
venv\Lib\site-packages\fastapi\routing.py:1281: in handle
    await super().handle(scope, receive, send)
venv\Lib\site-packages\starlette\routing.py:280: in handle
    await self.app(scope, receive, send)
venv\Lib\site-packages\fastapi\routing.py:158: in app
    await wrap_app_handling_exceptions(app, request)(scope, receive, send)
venv\Lib\site-packages\starlette\_exception_handler.py:53: in wrapped_app
    raise exc
venv\Lib\site-packages\starlette\_exception_handler.py:42: in wrapped_app
    await app(scope, receive, sender)
venv\Lib\site-packages\fastapi\routing.py:144: in app
    response = await f(request)
               ^^^^^^^^^^^^^^^^
venv\Lib\site-packages\fastapi\routing.py:706: in app
    raw_response = await run_endpoint_function(
venv\Lib\site-packages\fastapi\routing.py:352: in run_endpoint_function
    return await dependant.call(**values)
           ^^^^^^^^^^^^^^^^^^^^^^^^^^^^^^
app\main.py:141: in analyze_image
    db.commit()
venv\Lib\site-packages\sqlalchemy\orm\session.py:2035: in commit
    trans.commit(_to_root=True)
<string>:2: in commit
    ???
venv\Lib\site-packages\sqlalchemy\orm\state_changes.py:137: in _go
    ret_value = fn(self, *arg, **kw)
                ^^^^^^^^^^^^^^^^^^^^
venv\Lib\site-packages\sqlalchemy\orm\session.py:1316: in commit
    self._prepare_impl()
<string>:2: in _prepare_impl
    ???
venv\Lib\site-packages\sqlalchemy\orm\state_changes.py:137: in _go
    ret_value = fn(self, *arg, **kw)
                ^^^^^^^^^^^^^^^^^^^^
venv\Lib\site-packages\sqlalchemy\orm\session.py:1290: in _prepare_impl
    self.session.flush()
venv\Lib\site-packages\sqlalchemy\orm\session.py:4353: in flush
    self._flush(objects)
venv\Lib\site-packages\sqlalchemy\orm\session.py:4488: in _flush
    with util.safe_reraise():
         ^^^^^^^^^^^^^^^^^^^
venv\Lib\site-packages\sqlalchemy\util\langhelpers.py:122: in __exit__
    raise exc_value.with_traceback(exc_tb)
venv\Lib\site-packages\sqlalchemy\orm\session.py:4449: in _flush
    flush_context.execute()
venv\Lib\site-packages\sqlalchemy\orm\unitofwork.py:465: in execute
    rec.execute(self)
venv\Lib\site-packages\sqlalchemy\orm\unitofwork.py:641: in execute
    util.preloaded.orm_persistence.save_obj(
venv\Lib\site-packages\sqlalchemy\orm\persistence.py:94: in save_obj
    _emit_insert_statements(
venv\Lib\site-packages\sqlalchemy\orm\persistence.py:1234: in _emit_insert_statements
    result = connection.execute(
venv\Lib\site-packages\sqlalchemy\engine\base.py:1421: in execute
    return meth(
venv\Lib\site-packages\sqlalchemy\sql\elements.py:526: in _execute_on_connection
    return connection._execute_clauseelement(
venv\Lib\site-packages\sqlalchemy\engine\base.py:1643: in _execute_clauseelement
    ret = self._execute_context(
venv\Lib\site-packages\sqlalchemy\engine\base.py:1848: in _execute_context
    return self._exec_single_context(
venv\Lib\site-packages\sqlalchemy\engine\base.py:1988: in _exec_single_context
    self._handle_dbapi_exception(
venv\Lib\site-packages\sqlalchemy\engine\base.py:2365: in _handle_dbapi_exception
    raise sqlalchemy_exception.with_traceback(exc_info[2]) from e
venv\Lib\site-packages\sqlalchemy\engine\base.py:1969: in _exec_single_context
    self.dialect.do_execute(
venv\Lib\site-packages\sqlalchemy\engine\default.py:952: in do_execute
    cursor.execute(statement, parameters)
E   sqlalchemy.exc.OperationalError: (sqlite3.OperationalError) no such table: analysis_results
E   [SQL: INSERT INTO analysis_results (filename, content_type, file_size_bytes, image_width, image_height, image_path, thumbnail_path, quality_score, quality_label, recommended_action, issues, image_stats, created_at) VALUES (?, ?, ?, ?, ?, ?, ?, ?, ?, ?, ?, ?, ?)]
E   [parameters: ('good_quality.jpg', 'image/jpeg', 104711, 600, 400, '/static/uploads/07bb02b40d2a41fab078c0930c70cb42.jpg', None, 95.4, 'ACCEPTABLE', 'PASS', '[]', '{"sharpness_lap_var": 1572.2744, "sharpness_norm": 0.4658, "sharpness_tenengrad": 9635.9691, "brightness_mean": 103.6409, "brightness_std": 58.0954,  ... (255 characters truncated) ... oherence": 0.0226, "colorfulness": 76.0866, "saturation_mean": 184.9805, "entropy": 7.6626, "blockiness": 0.0115, "channel_mean_asymmetry": 106.9674}', '2026-08-28 18:44:35.607625')]
E   (Background on this error at: https://sqlalche.me/e/20/e3q8)
_________________________ test_analyze_has_image_path _________________________
venv\Lib\site-packages\sqlalchemy\engine\base.py:1969: in _exec_single_context
    self.dialect.do_execute(
venv\Lib\site-packages\sqlalchemy\engine\default.py:952: in do_execute
    cursor.execute(statement, parameters)
E   sqlite3.OperationalError: no such table: analysis_results

The above exception was the direct cause of the following exception:
tests\test_api.py:75: in test_analyze_has_image_path
    data = _analyze(client, "good_quality.jpg")
           ^^^^^^^^^^^^^^^^^^^^^^^^^^^^^^^^^^^^
tests\test_api.py:20: in _analyze
    response = client.post("/api/analyze", files={"file": (filename, f, "image/jpeg")})
               ^^^^^^^^^^^^^^^^^^^^^^^^^^^^^^^^^^^^^^^^^^^^^^^^^^^^^^^^^^^^^^^^^^^^^^^^
venv\Lib\site-packages\starlette\testclient.py:556: in post
    return super().post(
venv\Lib\site-packages\httpx\_client.py:1144: in post
    return self.request(
venv\Lib\site-packages\starlette\testclient.py:455: in request
    return super().request(
venv\Lib\site-packages\httpx\_client.py:825: in request
    return self.send(request, auth=auth, follow_redirects=follow_redirects)
           ^^^^^^^^^^^^^^^^^^^^^^^^^^^^^^^^^^^^^^^^^^^^^^^^^^^^^^^^^^^^^^^^
venv\Lib\site-packages\httpx\_client.py:914: in send
    response = self._send_handling_auth(
venv\Lib\site-packages\httpx\_client.py:942: in _send_handling_auth
    response = self._send_handling_redirects(
venv\Lib\site-packages\httpx\_client.py:979: in _send_handling_redirects
    response = self._send_single_request(request)
               ^^^^^^^^^^^^^^^^^^^^^^^^^^^^^^^^^^
venv\Lib\site-packages\httpx\_client.py:1014: in _send_single_request
    response = transport.handle_request(request)
               ^^^^^^^^^^^^^^^^^^^^^^^^^^^^^^^^^
venv\Lib\site-packages\starlette\testclient.py:354: in handle_request
    raise exc
venv\Lib\site-packages\starlette\testclient.py:351: in handle_request
    portal.call(self.app, scope, receive, send)
venv\Lib\site-packages\anyio\from_thread.py:338: in call
    return cast(T_Retval, self.start_task_soon(func, *args).result())
                          ^^^^^^^^^^^^^^^^^^^^^^^^^^^^^^^^^^^^^^^^^^
..\..\..\..\anaconda3\Lib\concurrent\futures\_base.py:456: in result
    return self.__get_result()
           ^^^^^^^^^^^^^^^^^^^
..\..\..\..\anaconda3\Lib\concurrent\futures\_base.py:401: in __get_result
    raise self._exception
venv\Lib\site-packages\anyio\from_thread.py:263: in _call_func
    retval = await retval_or_awaitable
             ^^^^^^^^^^^^^^^^^^^^^^^^^
venv\Lib\site-packages\fastapi\applications.py:1163: in __call__
    await super().__call__(scope, receive, send)
venv\Lib\site-packages\starlette\applications.py:96: in __call__
    await self.middleware_stack(scope, receive, send)
venv\Lib\site-packages\starlette\middleware\errors.py:186: in __call__
    raise exc
venv\Lib\site-packages\starlette\middleware\errors.py:164: in __call__
    await self.app(scope, receive, _send)
venv\Lib\site-packages\starlette\middleware\cors.py:88: in __call__
    await self.app(scope, receive, send)
venv\Lib\site-packages\starlette\middleware\exceptions.py:63: in __call__
    await wrap_app_handling_exceptions(self.app, conn)(scope, receive, send)
venv\Lib\site-packages\starlette\_exception_handler.py:53: in wrapped_app
    raise exc
venv\Lib\site-packages\starlette\_exception_handler.py:42: in wrapped_app
    await app(scope, receive, sender)
venv\Lib\site-packages\fastapi\middleware\asyncexitstack.py:18: in __call__
    await self.app(scope, receive, send)
venv\Lib\site-packages\starlette\routing.py:670: in __call__
    await self.middleware_stack(scope, receive, send)
venv\Lib\site-packages\fastapi\routing.py:2734: in app
    await route.handle(scope, receive, send)
venv\Lib\site-packages\fastapi\routing.py:1281: in handle
    await super().handle(scope, receive, send)
venv\Lib\site-packages\starlette\routing.py:280: in handle
    await self.app(scope, receive, send)
venv\Lib\site-packages\fastapi\routing.py:158: in app
    await wrap_app_handling_exceptions(app, request)(scope, receive, send)
venv\Lib\site-packages\starlette\_exception_handler.py:53: in wrapped_app
    raise exc
venv\Lib\site-packages\starlette\_exception_handler.py:42: in wrapped_app
    await app(scope, receive, sender)
venv\Lib\site-packages\fastapi\routing.py:144: in app
    response = await f(request)
               ^^^^^^^^^^^^^^^^
venv\Lib\site-packages\fastapi\routing.py:706: in app
    raw_response = await run_endpoint_function(
venv\Lib\site-packages\fastapi\routing.py:352: in run_endpoint_function
    return await dependant.call(**values)
           ^^^^^^^^^^^^^^^^^^^^^^^^^^^^^^
app\main.py:141: in analyze_image
    db.commit()
venv\Lib\site-packages\sqlalchemy\orm\session.py:2035: in commit
    trans.commit(_to_root=True)
<string>:2: in commit
    ???
venv\Lib\site-packages\sqlalchemy\orm\state_changes.py:137: in _go
    ret_value = fn(self, *arg, **kw)
                ^^^^^^^^^^^^^^^^^^^^
venv\Lib\site-packages\sqlalchemy\orm\session.py:1316: in commit
    self._prepare_impl()
<string>:2: in _prepare_impl
    ???
venv\Lib\site-packages\sqlalchemy\orm\state_changes.py:137: in _go
    ret_value = fn(self, *arg, **kw)
                ^^^^^^^^^^^^^^^^^^^^
venv\Lib\site-packages\sqlalchemy\orm\session.py:1290: in _prepare_impl
    self.session.flush()
venv\Lib\site-packages\sqlalchemy\orm\session.py:4353: in flush
    self._flush(objects)
venv\Lib\site-packages\sqlalchemy\orm\session.py:4488: in _flush
    with util.safe_reraise():
         ^^^^^^^^^^^^^^^^^^^
venv\Lib\site-packages\sqlalchemy\util\langhelpers.py:122: in __exit__
    raise exc_value.with_traceback(exc_tb)
venv\Lib\site-packages\sqlalchemy\orm\session.py:4449: in _flush
    flush_context.execute()
venv\Lib\site-packages\sqlalchemy\orm\unitofwork.py:465: in execute
    rec.execute(self)
venv\Lib\site-packages\sqlalchemy\orm\unitofwork.py:641: in execute
    util.preloaded.orm_persistence.save_obj(
venv\Lib\site-packages\sqlalchemy\orm\persistence.py:94: in save_obj
    _emit_insert_statements(
venv\Lib\site-packages\sqlalchemy\orm\persistence.py:1234: in _emit_insert_statements
    result = connection.execute(
venv\Lib\site-packages\sqlalchemy\engine\base.py:1421: in execute
    return meth(
venv\Lib\site-packages\sqlalchemy\sql\elements.py:526: in _execute_on_connection
    return connection._execute_clauseelement(
venv\Lib\site-packages\sqlalchemy\engine\base.py:1643: in _execute_clauseelement
    ret = self._execute_context(
venv\Lib\site-packages\sqlalchemy\engine\base.py:1848: in _execute_context
    return self._exec_single_context(
venv\Lib\site-packages\sqlalchemy\engine\base.py:1988: in _exec_single_context
    self._handle_dbapi_exception(
venv\Lib\site-packages\sqlalchemy\engine\base.py:2365: in _handle_dbapi_exception
    raise sqlalchemy_exception.with_traceback(exc_info[2]) from e
venv\Lib\site-packages\sqlalchemy\engine\base.py:1969: in _exec_single_context
    self.dialect.do_execute(
venv\Lib\site-packages\sqlalchemy\engine\default.py:952: in do_execute
    cursor.execute(statement, parameters)
E   sqlalchemy.exc.OperationalError: (sqlite3.OperationalError) no such table: analysis_results
E   [SQL: INSERT INTO analysis_results (filename, content_type, file_size_bytes, image_width, image_height, image_path, thumbnail_path, quality_score, quality_label, recommended_action, issues, image_stats, created_at) VALUES (?, ?, ?, ?, ?, ?, ?, ?, ?, ?, ?, ?, ?)]
E   [parameters: ('good_quality.jpg', 'image/jpeg', 104711, 600, 400, '/static/uploads/c4cc1c6f938e4fdeb61d40535705c3b0.jpg', None, 95.4, 'ACCEPTABLE', 'PASS', '[]', '{"sharpness_lap_var": 1572.2744, "sharpness_norm": 0.4658, "sharpness_tenengrad": 9635.9691, "brightness_mean": 103.6409, "brightness_std": 58.0954,  ... (255 characters truncated) ... oherence": 0.0226, "colorfulness": 76.0866, "saturation_mean": 184.9805, "entropy": 7.6626, "blockiness": 0.0115, "channel_mean_asymmetry": 106.9674}', '2026-08-28 18:44:36.757676')]
E   (Background on this error at: https://sqlalche.me/e/20/e3q8)
______________________ test_analyze_issues_have_evidence ______________________
venv\Lib\site-packages\sqlalchemy\engine\base.py:1969: in _exec_single_context
    self.dialect.do_execute(
venv\Lib\site-packages\sqlalchemy\engine\default.py:952: in do_execute
    cursor.execute(statement, parameters)
E   sqlite3.OperationalError: no such table: analysis_results

The above exception was the direct cause of the following exception:
tests\test_api.py:81: in test_analyze_issues_have_evidence
    data = _analyze(client, "blurry.jpg")
           ^^^^^^^^^^^^^^^^^^^^^^^^^^^^^^
tests\test_api.py:20: in _analyze
    response = client.post("/api/analyze", files={"file": (filename, f, "image/jpeg")})
               ^^^^^^^^^^^^^^^^^^^^^^^^^^^^^^^^^^^^^^^^^^^^^^^^^^^^^^^^^^^^^^^^^^^^^^^^
venv\Lib\site-packages\starlette\testclient.py:556: in post
    return super().post(
venv\Lib\site-packages\httpx\_client.py:1144: in post
    return self.request(
venv\Lib\site-packages\starlette\testclient.py:455: in request
    return super().request(
venv\Lib\site-packages\httpx\_client.py:825: in request
    return self.send(request, auth=auth, follow_redirects=follow_redirects)
           ^^^^^^^^^^^^^^^^^^^^^^^^^^^^^^^^^^^^^^^^^^^^^^^^^^^^^^^^^^^^^^^^
venv\Lib\site-packages\httpx\_client.py:914: in send
    response = self._send_handling_auth(
venv\Lib\site-packages\httpx\_client.py:942: in _send_handling_auth
    response = self._send_handling_redirects(
venv\Lib\site-packages\httpx\_client.py:979: in _send_handling_redirects
    response = self._send_single_request(request)
               ^^^^^^^^^^^^^^^^^^^^^^^^^^^^^^^^^^
venv\Lib\site-packages\httpx\_client.py:1014: in _send_single_request
    response = transport.handle_request(request)
               ^^^^^^^^^^^^^^^^^^^^^^^^^^^^^^^^^
venv\Lib\site-packages\starlette\testclient.py:354: in handle_request
    raise exc
venv\Lib\site-packages\starlette\testclient.py:351: in handle_request
    portal.call(self.app, scope, receive, send)
venv\Lib\site-packages\anyio\from_thread.py:338: in call
    return cast(T_Retval, self.start_task_soon(func, *args).result())
                          ^^^^^^^^^^^^^^^^^^^^^^^^^^^^^^^^^^^^^^^^^^
..\..\..\..\anaconda3\Lib\concurrent\futures\_base.py:456: in result
    return self.__get_result()
           ^^^^^^^^^^^^^^^^^^^
..\..\..\..\anaconda3\Lib\concurrent\futures\_base.py:401: in __get_result
    raise self._exception
venv\Lib\site-packages\anyio\from_thread.py:263: in _call_func
    retval = await retval_or_awaitable
             ^^^^^^^^^^^^^^^^^^^^^^^^^
venv\Lib\site-packages\fastapi\applications.py:1163: in __call__
    await super().__call__(scope, receive, send)
venv\Lib\site-packages\starlette\applications.py:96: in __call__
    await self.middleware_stack(scope, receive, send)
venv\Lib\site-packages\starlette\middleware\errors.py:186: in __call__
    raise exc
venv\Lib\site-packages\starlette\middleware\errors.py:164: in __call__
    await self.app(scope, receive, _send)
venv\Lib\site-packages\starlette\middleware\cors.py:88: in __call__
    await self.app(scope, receive, send)
venv\Lib\site-packages\starlette\middleware\exceptions.py:63: in __call__
    await wrap_app_handling_exceptions(self.app, conn)(scope, receive, send)
venv\Lib\site-packages\starlette\_exception_handler.py:53: in wrapped_app
    raise exc
venv\Lib\site-packages\starlette\_exception_handler.py:42: in wrapped_app
    await app(scope, receive, sender)
venv\Lib\site-packages\fastapi\middleware\asyncexitstack.py:18: in __call__
    await self.app(scope, receive, send)
venv\Lib\site-packages\starlette\routing.py:670: in __call__
    await self.middleware_stack(scope, receive, send)
venv\Lib\site-packages\fastapi\routing.py:2734: in app
    await route.handle(scope, receive, send)
venv\Lib\site-packages\fastapi\routing.py:1281: in handle
    await super().handle(scope, receive, send)
venv\Lib\site-packages\starlette\routing.py:280: in handle
    await self.app(scope, receive, send)
venv\Lib\site-packages\fastapi\routing.py:158: in app
    await wrap_app_handling_exceptions(app, request)(scope, receive, send)
venv\Lib\site-packages\starlette\_exception_handler.py:53: in wrapped_app
    raise exc
venv\Lib\site-packages\starlette\_exception_handler.py:42: in wrapped_app
    await app(scope, receive, sender)
venv\Lib\site-packages\fastapi\routing.py:144: in app
    response = await f(request)
               ^^^^^^^^^^^^^^^^
venv\Lib\site-packages\fastapi\routing.py:706: in app
    raw_response = await run_endpoint_function(
venv\Lib\site-packages\fastapi\routing.py:352: in run_endpoint_function
    return await dependant.call(**values)
           ^^^^^^^^^^^^^^^^^^^^^^^^^^^^^^
app\main.py:141: in analyze_image
    db.commit()
venv\Lib\site-packages\sqlalchemy\orm\session.py:2035: in commit
    trans.commit(_to_root=True)
<string>:2: in commit
    ???
venv\Lib\site-packages\sqlalchemy\orm\state_changes.py:137: in _go
    ret_value = fn(self, *arg, **kw)
                ^^^^^^^^^^^^^^^^^^^^
venv\Lib\site-packages\sqlalchemy\orm\session.py:1316: in commit
    self._prepare_impl()
<string>:2: in _prepare_impl
    ???
venv\Lib\site-packages\sqlalchemy\orm\state_changes.py:137: in _go
    ret_value = fn(self, *arg, **kw)
                ^^^^^^^^^^^^^^^^^^^^
venv\Lib\site-packages\sqlalchemy\orm\session.py:1290: in _prepare_impl
    self.session.flush()
venv\Lib\site-packages\sqlalchemy\orm\session.py:4353: in flush
    self._flush(objects)
venv\Lib\site-packages\sqlalchemy\orm\session.py:4488: in _flush
    with util.safe_reraise():
         ^^^^^^^^^^^^^^^^^^^
venv\Lib\site-packages\sqlalchemy\util\langhelpers.py:122: in __exit__
    raise exc_value.with_traceback(exc_tb)
venv\Lib\site-packages\sqlalchemy\orm\session.py:4449: in _flush
    flush_context.execute()
venv\Lib\site-packages\sqlalchemy\orm\unitofwork.py:465: in execute
    rec.execute(self)
venv\Lib\site-packages\sqlalchemy\orm\unitofwork.py:641: in execute
    util.preloaded.orm_persistence.save_obj(
venv\Lib\site-packages\sqlalchemy\orm\persistence.py:94: in save_obj
    _emit_insert_statements(
venv\Lib\site-packages\sqlalchemy\orm\persistence.py:1234: in _emit_insert_statements
    result = connection.execute(
venv\Lib\site-packages\sqlalchemy\engine\base.py:1421: in execute
    return meth(
venv\Lib\site-packages\sqlalchemy\sql\elements.py:526: in _execute_on_connection
    return connection._execute_clauseelement(
venv\Lib\site-packages\sqlalchemy\engine\base.py:1643: in _execute_clauseelement
    ret = self._execute_context(
venv\Lib\site-packages\sqlalchemy\engine\base.py:1848: in _execute_context
    return self._exec_single_context(
venv\Lib\site-packages\sqlalchemy\engine\base.py:1988: in _exec_single_context
    self._handle_dbapi_exception(
venv\Lib\site-packages\sqlalchemy\engine\base.py:2365: in _handle_dbapi_exception
    raise sqlalchemy_exception.with_traceback(exc_info[2]) from e
venv\Lib\site-packages\sqlalchemy\engine\base.py:1969: in _exec_single_context
    self.dialect.do_execute(
venv\Lib\site-packages\sqlalchemy\engine\default.py:952: in do_execute
    cursor.execute(statement, parameters)
E   sqlalchemy.exc.OperationalError: (sqlite3.OperationalError) no such table: analysis_results
E   [SQL: INSERT INTO analysis_results (filename, content_type, file_size_bytes, image_width, image_height, image_path, thumbnail_path, quality_score, quality_label, recommended_action, issues, image_stats, created_at) VALUES (?, ?, ?, ?, ?, ?, ?, ?, ?, ?, ?, ?, ?)]
E   [parameters: ('blurry.jpg', 'image/jpeg', 43523, 600, 400, '/static/uploads/9512032c61124705a8044127ac408a1d.jpg', None, 72.7, 'DEGRADED', 'REJECT', '[{"type": "blur", "severity": "high", "confidence": 1.0, "description": "Image lacks sharp edges / fine detail, consistent with defocus or motion blu ... (13 characters truncated) ... e": {"sharpness_lap_var": 3.6242, "sharpness_norm": 0.0012, "sharpness_tenengrad": 1131.4738, "edge_density": 0.0031, "gradient_coherence": 0.0565}}]', '{"sharpness_lap_var": 3.6242, "sharpness_norm": 0.0012, "sharpness_tenengrad": 1131.4738, "brightness_mean": 103.6406, "brightness_std": 54.4987, "co ... (251 characters truncated) ... oherence": 0.0565, "colorfulness": 73.9889, "saturation_mean": 183.0894, "entropy": 7.5962, "blockiness": 0.0612, "channel_mean_asymmetry": 107.0782}', '2026-08-28 18:44:37.882115')]
E   (Background on this error at: https://sqlalche.me/e/20/e3q8)
______________________________ test_list_results ______________________________
venv\Lib\site-packages\sqlalchemy\engine\base.py:1969: in _exec_single_context
    self.dialect.do_execute(
venv\Lib\site-packages\sqlalchemy\engine\default.py:952: in do_execute
    cursor.execute(statement, parameters)
E   sqlite3.OperationalError: no such table: analysis_results

The above exception was the direct cause of the following exception:
tests\test_api.py:93: in test_list_results
    _analyze(client, "good_quality.jpg")
tests\test_api.py:20: in _analyze
    response = client.post("/api/analyze", files={"file": (filename, f, "image/jpeg")})
               ^^^^^^^^^^^^^^^^^^^^^^^^^^^^^^^^^^^^^^^^^^^^^^^^^^^^^^^^^^^^^^^^^^^^^^^^
venv\Lib\site-packages\starlette\testclient.py:556: in post
    return super().post(
venv\Lib\site-packages\httpx\_client.py:1144: in post
    return self.request(
venv\Lib\site-packages\starlette\testclient.py:455: in request
    return super().request(
venv\Lib\site-packages\httpx\_client.py:825: in request
    return self.send(request, auth=auth, follow_redirects=follow_redirects)
           ^^^^^^^^^^^^^^^^^^^^^^^^^^^^^^^^^^^^^^^^^^^^^^^^^^^^^^^^^^^^^^^^
venv\Lib\site-packages\httpx\_client.py:914: in send
    response = self._send_handling_auth(
venv\Lib\site-packages\httpx\_client.py:942: in _send_handling_auth
    response = self._send_handling_redirects(
venv\Lib\site-packages\httpx\_client.py:979: in _send_handling_redirects
    response = self._send_single_request(request)
               ^^^^^^^^^^^^^^^^^^^^^^^^^^^^^^^^^^
venv\Lib\site-packages\httpx\_client.py:1014: in _send_single_request
    response = transport.handle_request(request)
               ^^^^^^^^^^^^^^^^^^^^^^^^^^^^^^^^^
venv\Lib\site-packages\starlette\testclient.py:354: in handle_request
    raise exc
venv\Lib\site-packages\starlette\testclient.py:351: in handle_request
    portal.call(self.app, scope, receive, send)
venv\Lib\site-packages\anyio\from_thread.py:338: in call
    return cast(T_Retval, self.start_task_soon(func, *args).result())
                          ^^^^^^^^^^^^^^^^^^^^^^^^^^^^^^^^^^^^^^^^^^
..\..\..\..\anaconda3\Lib\concurrent\futures\_base.py:456: in result
    return self.__get_result()
           ^^^^^^^^^^^^^^^^^^^
..\..\..\..\anaconda3\Lib\concurrent\futures\_base.py:401: in __get_result
    raise self._exception
venv\Lib\site-packages\anyio\from_thread.py:263: in _call_func
    retval = await retval_or_awaitable
             ^^^^^^^^^^^^^^^^^^^^^^^^^
venv\Lib\site-packages\fastapi\applications.py:1163: in __call__
    await super().__call__(scope, receive, send)
venv\Lib\site-packages\starlette\applications.py:96: in __call__
    await self.middleware_stack(scope, receive, send)
venv\Lib\site-packages\starlette\middleware\errors.py:186: in __call__
    raise exc
venv\Lib\site-packages\starlette\middleware\errors.py:164: in __call__
    await self.app(scope, receive, _send)
venv\Lib\site-packages\starlette\middleware\cors.py:88: in __call__
    await self.app(scope, receive, send)
venv\Lib\site-packages\starlette\middleware\exceptions.py:63: in __call__
    await wrap_app_handling_exceptions(self.app, conn)(scope, receive, send)
venv\Lib\site-packages\starlette\_exception_handler.py:53: in wrapped_app
    raise exc
venv\Lib\site-packages\starlette\_exception_handler.py:42: in wrapped_app
    await app(scope, receive, sender)
venv\Lib\site-packages\fastapi\middleware\asyncexitstack.py:18: in __call__
    await self.app(scope, receive, send)
venv\Lib\site-packages\starlette\routing.py:670: in __call__
    await self.middleware_stack(scope, receive, send)
venv\Lib\site-packages\fastapi\routing.py:2734: in app
    await route.handle(scope, receive, send)
venv\Lib\site-packages\fastapi\routing.py:1281: in handle
    await super().handle(scope, receive, send)
venv\Lib\site-packages\starlette\routing.py:280: in handle
    await self.app(scope, receive, send)
venv\Lib\site-packages\fastapi\routing.py:158: in app
    await wrap_app_handling_exceptions(app, request)(scope, receive, send)
venv\Lib\site-packages\starlette\_exception_handler.py:53: in wrapped_app
    raise exc
venv\Lib\site-packages\starlette\_exception_handler.py:42: in wrapped_app
    await app(scope, receive, sender)
venv\Lib\site-packages\fastapi\routing.py:144: in app
    response = await f(request)
               ^^^^^^^^^^^^^^^^
venv\Lib\site-packages\fastapi\routing.py:706: in app
    raw_response = await run_endpoint_function(
venv\Lib\site-packages\fastapi\routing.py:352: in run_endpoint_function
    return await dependant.call(**values)
           ^^^^^^^^^^^^^^^^^^^^^^^^^^^^^^
app\main.py:141: in analyze_image
    db.commit()
venv\Lib\site-packages\sqlalchemy\orm\session.py:2035: in commit
    trans.commit(_to_root=True)
<string>:2: in commit
    ???
venv\Lib\site-packages\sqlalchemy\orm\state_changes.py:137: in _go
    ret_value = fn(self, *arg, **kw)
                ^^^^^^^^^^^^^^^^^^^^
venv\Lib\site-packages\sqlalchemy\orm\session.py:1316: in commit
    self._prepare_impl()
<string>:2: in _prepare_impl
    ???
venv\Lib\site-packages\sqlalchemy\orm\state_changes.py:137: in _go
    ret_value = fn(self, *arg, **kw)
                ^^^^^^^^^^^^^^^^^^^^
venv\Lib\site-packages\sqlalchemy\orm\session.py:1290: in _prepare_impl
    self.session.flush()
venv\Lib\site-packages\sqlalchemy\orm\session.py:4353: in flush
    self._flush(objects)
venv\Lib\site-packages\sqlalchemy\orm\session.py:4488: in _flush
    with util.safe_reraise():
         ^^^^^^^^^^^^^^^^^^^
venv\Lib\site-packages\sqlalchemy\util\langhelpers.py:122: in __exit__
    raise exc_value.with_traceback(exc_tb)
venv\Lib\site-packages\sqlalchemy\orm\session.py:4449: in _flush
    flush_context.execute()
venv\Lib\site-packages\sqlalchemy\orm\unitofwork.py:465: in execute
    rec.execute(self)
venv\Lib\site-packages\sqlalchemy\orm\unitofwork.py:641: in execute
    util.preloaded.orm_persistence.save_obj(
venv\Lib\site-packages\sqlalchemy\orm\persistence.py:94: in save_obj
    _emit_insert_statements(
venv\Lib\site-packages\sqlalchemy\orm\persistence.py:1234: in _emit_insert_statements
    result = connection.execute(
venv\Lib\site-packages\sqlalchemy\engine\base.py:1421: in execute
    return meth(
venv\Lib\site-packages\sqlalchemy\sql\elements.py:526: in _execute_on_connection
    return connection._execute_clauseelement(
venv\Lib\site-packages\sqlalchemy\engine\base.py:1643: in _execute_clauseelement
    ret = self._execute_context(
venv\Lib\site-packages\sqlalchemy\engine\base.py:1848: in _execute_context
    return self._exec_single_context(
venv\Lib\site-packages\sqlalchemy\engine\base.py:1988: in _exec_single_context
    self._handle_dbapi_exception(
venv\Lib\site-packages\sqlalchemy\engine\base.py:2365: in _handle_dbapi_exception
    raise sqlalchemy_exception.with_traceback(exc_info[2]) from e
venv\Lib\site-packages\sqlalchemy\engine\base.py:1969: in _exec_single_context
    self.dialect.do_execute(
venv\Lib\site-packages\sqlalchemy\engine\default.py:952: in do_execute
    cursor.execute(statement, parameters)
E   sqlalchemy.exc.OperationalError: (sqlite3.OperationalError) no such table: analysis_results
E   [SQL: INSERT INTO analysis_results (filename, content_type, file_size_bytes, image_width, image_height, image_path, thumbnail_path, quality_score, quality_label, recommended_action, issues, image_stats, created_at) VALUES (?, ?, ?, ?, ?, ?, ?, ?, ?, ?, ?, ?, ?)]
E   [parameters: ('good_quality.jpg', 'image/jpeg', 104711, 600, 400, '/static/uploads/18685da23a1946eebaf1a59831545eef.jpg', None, 95.4, 'ACCEPTABLE', 'PASS', '[]', '{"sharpness_lap_var": 1572.2744, "sharpness_norm": 0.4658, "sharpness_tenengrad": 9635.9691, "brightness_mean": 103.6409, "brightness_std": 58.0954,  ... (255 characters truncated) ... oherence": 0.0226, "colorfulness": 76.0866, "saturation_mean": 184.9805, "entropy": 7.6626, "blockiness": 0.0115, "channel_mean_asymmetry": 106.9674}', '2026-08-28 18:44:38.855170')]
E   (Background on this error at: https://sqlalche.me/e/20/e3q8)
____________________________ test_get_result_by_id ____________________________
venv\Lib\site-packages\sqlalchemy\engine\base.py:1969: in _exec_single_context
    self.dialect.do_execute(
venv\Lib\site-packages\sqlalchemy\engine\default.py:952: in do_execute
    cursor.execute(statement, parameters)
E   sqlite3.OperationalError: no such table: analysis_results

The above exception was the direct cause of the following exception:
tests\test_api.py:103: in test_get_result_by_id
    created = _analyze(client, "good_quality.jpg")
              ^^^^^^^^^^^^^^^^^^^^^^^^^^^^^^^^^^^^
tests\test_api.py:20: in _analyze
    response = client.post("/api/analyze", files={"file": (filename, f, "image/jpeg")})
               ^^^^^^^^^^^^^^^^^^^^^^^^^^^^^^^^^^^^^^^^^^^^^^^^^^^^^^^^^^^^^^^^^^^^^^^^
venv\Lib\site-packages\starlette\testclient.py:556: in post
    return super().post(
venv\Lib\site-packages\httpx\_client.py:1144: in post
    return self.request(
venv\Lib\site-packages\starlette\testclient.py:455: in request
    return super().request(
venv\Lib\site-packages\httpx\_client.py:825: in request
    return self.send(request, auth=auth, follow_redirects=follow_redirects)
           ^^^^^^^^^^^^^^^^^^^^^^^^^^^^^^^^^^^^^^^^^^^^^^^^^^^^^^^^^^^^^^^^
venv\Lib\site-packages\httpx\_client.py:914: in send
    response = self._send_handling_auth(
venv\Lib\site-packages\httpx\_client.py:942: in _send_handling_auth
    response = self._send_handling_redirects(
venv\Lib\site-packages\httpx\_client.py:979: in _send_handling_redirects
    response = self._send_single_request(request)
               ^^^^^^^^^^^^^^^^^^^^^^^^^^^^^^^^^^
venv\Lib\site-packages\httpx\_client.py:1014: in _send_single_request
    response = transport.handle_request(request)
               ^^^^^^^^^^^^^^^^^^^^^^^^^^^^^^^^^
venv\Lib\site-packages\starlette\testclient.py:354: in handle_request
    raise exc
venv\Lib\site-packages\starlette\testclient.py:351: in handle_request
    portal.call(self.app, scope, receive, send)
venv\Lib\site-packages\anyio\from_thread.py:338: in call
    return cast(T_Retval, self.start_task_soon(func, *args).result())
                          ^^^^^^^^^^^^^^^^^^^^^^^^^^^^^^^^^^^^^^^^^^
..\..\..\..\anaconda3\Lib\concurrent\futures\_base.py:456: in result
    return self.__get_result()
           ^^^^^^^^^^^^^^^^^^^
..\..\..\..\anaconda3\Lib\concurrent\futures\_base.py:401: in __get_result
    raise self._exception
venv\Lib\site-packages\anyio\from_thread.py:263: in _call_func
    retval = await retval_or_awaitable
             ^^^^^^^^^^^^^^^^^^^^^^^^^
venv\Lib\site-packages\fastapi\applications.py:1163: in __call__
    await super().__call__(scope, receive, send)
venv\Lib\site-packages\starlette\applications.py:96: in __call__
    await self.middleware_stack(scope, receive, send)
venv\Lib\site-packages\starlette\middleware\errors.py:186: in __call__
    raise exc
venv\Lib\site-packages\starlette\middleware\errors.py:164: in __call__
    await self.app(scope, receive, _send)
venv\Lib\site-packages\starlette\middleware\cors.py:88: in __call__
    await self.app(scope, receive, send)
venv\Lib\site-packages\starlette\middleware\exceptions.py:63: in __call__
    await wrap_app_handling_exceptions(self.app, conn)(scope, receive, send)
venv\Lib\site-packages\starlette\_exception_handler.py:53: in wrapped_app
    raise exc
venv\Lib\site-packages\starlette\_exception_handler.py:42: in wrapped_app
    await app(scope, receive, sender)
venv\Lib\site-packages\fastapi\middleware\asyncexitstack.py:18: in __call__
    await self.app(scope, receive, send)
venv\Lib\site-packages\starlette\routing.py:670: in __call__
    await self.middleware_stack(scope, receive, send)
venv\Lib\site-packages\fastapi\routing.py:2734: in app
    await route.handle(scope, receive, send)
venv\Lib\site-packages\fastapi\routing.py:1281: in handle
    await super().handle(scope, receive, send)
venv\Lib\site-packages\starlette\routing.py:280: in handle
    await self.app(scope, receive, send)
venv\Lib\site-packages\fastapi\routing.py:158: in app
    await wrap_app_handling_exceptions(app, request)(scope, receive, send)
venv\Lib\site-packages\starlette\_exception_handler.py:53: in wrapped_app
    raise exc
venv\Lib\site-packages\starlette\_exception_handler.py:42: in wrapped_app
    await app(scope, receive, sender)
venv\Lib\site-packages\fastapi\routing.py:144: in app
    response = await f(request)
               ^^^^^^^^^^^^^^^^
venv\Lib\site-packages\fastapi\routing.py:706: in app
    raw_response = await run_endpoint_function(
venv\Lib\site-packages\fastapi\routing.py:352: in run_endpoint_function
    return await dependant.call(**values)
           ^^^^^^^^^^^^^^^^^^^^^^^^^^^^^^
app\main.py:141: in analyze_image
    db.commit()
venv\Lib\site-packages\sqlalchemy\orm\session.py:2035: in commit
    trans.commit(_to_root=True)
<string>:2: in commit
    ???
venv\Lib\site-packages\sqlalchemy\orm\state_changes.py:137: in _go
    ret_value = fn(self, *arg, **kw)
                ^^^^^^^^^^^^^^^^^^^^
venv\Lib\site-packages\sqlalchemy\orm\session.py:1316: in commit
    self._prepare_impl()
<string>:2: in _prepare_impl
    ???
venv\Lib\site-packages\sqlalchemy\orm\state_changes.py:137: in _go
    ret_value = fn(self, *arg, **kw)
                ^^^^^^^^^^^^^^^^^^^^
venv\Lib\site-packages\sqlalchemy\orm\session.py:1290: in _prepare_impl
    self.session.flush()
venv\Lib\site-packages\sqlalchemy\orm\session.py:4353: in flush
    self._flush(objects)
venv\Lib\site-packages\sqlalchemy\orm\session.py:4488: in _flush
    with util.safe_reraise():
         ^^^^^^^^^^^^^^^^^^^
venv\Lib\site-packages\sqlalchemy\util\langhelpers.py:122: in __exit__
    raise exc_value.with_traceback(exc_tb)
venv\Lib\site-packages\sqlalchemy\orm\session.py:4449: in _flush
    flush_context.execute()
venv\Lib\site-packages\sqlalchemy\orm\unitofwork.py:465: in execute
    rec.execute(self)
venv\Lib\site-packages\sqlalchemy\orm\unitofwork.py:641: in execute
    util.preloaded.orm_persistence.save_obj(
venv\Lib\site-packages\sqlalchemy\orm\persistence.py:94: in save_obj
    _emit_insert_statements(
venv\Lib\site-packages\sqlalchemy\orm\persistence.py:1234: in _emit_insert_statements
    result = connection.execute(
venv\Lib\site-packages\sqlalchemy\engine\base.py:1421: in execute
    return meth(
venv\Lib\site-packages\sqlalchemy\sql\elements.py:526: in _execute_on_connection
    return connection._execute_clauseelement(
venv\Lib\site-packages\sqlalchemy\engine\base.py:1643: in _execute_clauseelement
    ret = self._execute_context(
venv\Lib\site-packages\sqlalchemy\engine\base.py:1848: in _execute_context
    return self._exec_single_context(
venv\Lib\site-packages\sqlalchemy\engine\base.py:1988: in _exec_single_context
    self._handle_dbapi_exception(
venv\Lib\site-packages\sqlalchemy\engine\base.py:2365: in _handle_dbapi_exception
    raise sqlalchemy_exception.with_traceback(exc_info[2]) from e
venv\Lib\site-packages\sqlalchemy\engine\base.py:1969: in _exec_single_context
    self.dialect.do_execute(
venv\Lib\site-packages\sqlalchemy\engine\default.py:952: in do_execute
    cursor.execute(statement, parameters)
E   sqlalchemy.exc.OperationalError: (sqlite3.OperationalError) no such table: analysis_results
E   [SQL: INSERT INTO analysis_results (filename, content_type, file_size_bytes, image_width, image_height, image_path, thumbnail_path, quality_score, quality_label, recommended_action, issues, image_stats, created_at) VALUES (?, ?, ?, ?, ?, ?, ?, ?, ?, ?, ?, ?, ?)]
E   [parameters: ('good_quality.jpg', 'image/jpeg', 104711, 600, 400, '/static/uploads/67070538046f4d6e92bf0589526b9849.jpg', None, 95.4, 'ACCEPTABLE', 'PASS', '[]', '{"sharpness_lap_var": 1572.2744, "sharpness_norm": 0.4658, "sharpness_tenengrad": 9635.9691, "brightness_mean": 103.6409, "brightness_std": 58.0954,  ... (255 characters truncated) ... oherence": 0.0226, "colorfulness": 76.0866, "saturation_mean": 184.9805, "entropy": 7.6626, "blockiness": 0.0115, "channel_mean_asymmetry": 106.9674}', '2026-08-28 18:44:39.954535')]
E   (Background on this error at: https://sqlalche.me/e/20/e3q8)
_________________________ test_get_nonexistent_result _________________________
venv\Lib\site-packages\sqlalchemy\engine\base.py:1969: in _exec_single_context
    self.dialect.do_execute(
venv\Lib\site-packages\sqlalchemy\engine\default.py:952: in do_execute
    cursor.execute(statement, parameters)
E   sqlite3.OperationalError: no such table: analysis_results

The above exception was the direct cause of the following exception:
tests\test_api.py:113: in test_get_nonexistent_result
    response = client.get("/api/results/999999")
               ^^^^^^^^^^^^^^^^^^^^^^^^^^^^^^^^^
venv\Lib\site-packages\starlette\testclient.py:483: in get
    return super().get(
venv\Lib\site-packages\httpx\_client.py:1053: in get
    return self.request(
venv\Lib\site-packages\starlette\testclient.py:455: in request
    return super().request(
venv\Lib\site-packages\httpx\_client.py:825: in request
    return self.send(request, auth=auth, follow_redirects=follow_redirects)
           ^^^^^^^^^^^^^^^^^^^^^^^^^^^^^^^^^^^^^^^^^^^^^^^^^^^^^^^^^^^^^^^^
venv\Lib\site-packages\httpx\_client.py:914: in send
    response = self._send_handling_auth(
venv\Lib\site-packages\httpx\_client.py:942: in _send_handling_auth
    response = self._send_handling_redirects(
venv\Lib\site-packages\httpx\_client.py:979: in _send_handling_redirects
    response = self._send_single_request(request)
               ^^^^^^^^^^^^^^^^^^^^^^^^^^^^^^^^^^
venv\Lib\site-packages\httpx\_client.py:1014: in _send_single_request
    response = transport.handle_request(request)
               ^^^^^^^^^^^^^^^^^^^^^^^^^^^^^^^^^
venv\Lib\site-packages\starlette\testclient.py:354: in handle_request
    raise exc
venv\Lib\site-packages\starlette\testclient.py:351: in handle_request
    portal.call(self.app, scope, receive, send)
venv\Lib\site-packages\anyio\from_thread.py:338: in call
    return cast(T_Retval, self.start_task_soon(func, *args).result())
                          ^^^^^^^^^^^^^^^^^^^^^^^^^^^^^^^^^^^^^^^^^^
..\..\..\..\anaconda3\Lib\concurrent\futures\_base.py:456: in result
    return self.__get_result()
           ^^^^^^^^^^^^^^^^^^^
..\..\..\..\anaconda3\Lib\concurrent\futures\_base.py:401: in __get_result
    raise self._exception
venv\Lib\site-packages\anyio\from_thread.py:263: in _call_func
    retval = await retval_or_awaitable
             ^^^^^^^^^^^^^^^^^^^^^^^^^
venv\Lib\site-packages\fastapi\applications.py:1163: in __call__
    await super().__call__(scope, receive, send)
venv\Lib\site-packages\starlette\applications.py:96: in __call__
    await self.middleware_stack(scope, receive, send)
venv\Lib\site-packages\starlette\middleware\errors.py:186: in __call__
    raise exc
venv\Lib\site-packages\starlette\middleware\errors.py:164: in __call__
    await self.app(scope, receive, _send)
venv\Lib\site-packages\starlette\middleware\cors.py:88: in __call__
    await self.app(scope, receive, send)
venv\Lib\site-packages\starlette\middleware\exceptions.py:63: in __call__
    await wrap_app_handling_exceptions(self.app, conn)(scope, receive, send)
venv\Lib\site-packages\starlette\_exception_handler.py:53: in wrapped_app
    raise exc
venv\Lib\site-packages\starlette\_exception_handler.py:42: in wrapped_app
    await app(scope, receive, sender)
venv\Lib\site-packages\fastapi\middleware\asyncexitstack.py:18: in __call__
    await self.app(scope, receive, send)
venv\Lib\site-packages\starlette\routing.py:670: in __call__
    await self.middleware_stack(scope, receive, send)
venv\Lib\site-packages\fastapi\routing.py:2734: in app
    await route.handle(scope, receive, send)
venv\Lib\site-packages\fastapi\routing.py:1281: in handle
    await super().handle(scope, receive, send)
venv\Lib\site-packages\starlette\routing.py:280: in handle
    await self.app(scope, receive, send)
venv\Lib\site-packages\fastapi\routing.py:158: in app
    await wrap_app_handling_exceptions(app, request)(scope, receive, send)
venv\Lib\site-packages\starlette\_exception_handler.py:53: in wrapped_app
    raise exc
venv\Lib\site-packages\starlette\_exception_handler.py:42: in wrapped_app
    await app(scope, receive, sender)
venv\Lib\site-packages\fastapi\routing.py:144: in app
    response = await f(request)
               ^^^^^^^^^^^^^^^^
venv\Lib\site-packages\fastapi\routing.py:706: in app
    raw_response = await run_endpoint_function(
venv\Lib\site-packages\fastapi\routing.py:354: in run_endpoint_function
    return await run_in_threadpool(dependant.call, **values)
           ^^^^^^^^^^^^^^^^^^^^^^^^^^^^^^^^^^^^^^^^^^^^^^^^^
venv\Lib\site-packages\starlette\concurrency.py:34: in run_in_threadpool
    return await anyio.to_thread.run_sync(func)
           ^^^^^^^^^^^^^^^^^^^^^^^^^^^^^^^^^^^^
venv\Lib\site-packages\anyio\to_thread.py:65: in run_sync
    return await get_async_backend().run_sync_in_worker_thread(
venv\Lib\site-packages\anyio\_backends\_asyncio.py:2641: in run_sync_in_worker_thread
    return await future
           ^^^^^^^^^^^^
venv\Lib\site-packages\anyio\_backends\_asyncio.py:1033: in run
    result = context.run(func, *args)
             ^^^^^^^^^^^^^^^^^^^^^^^^
app\main.py:176: in get_result
    record = db.query(AnalysisResult).filter(AnalysisResult.id == result_id).first()
             ^^^^^^^^^^^^^^^^^^^^^^^^^^^^^^^^^^^^^^^^^^^^^^^^^^^^^^^^^^^^^^^^^^^^^^^
venv\Lib\site-packages\sqlalchemy\orm\query.py:2766: in first
    return self.limit(1)._iter().first()  # type: ignore
           ^^^^^^^^^^^^^^^^^^^^^
venv\Lib\site-packages\sqlalchemy\orm\query.py:2864: in _iter
    result: Union[ScalarResult[_T], Result[_T]] = self.session.execute(
venv\Lib\site-packages\sqlalchemy\orm\session.py:2373: in execute
    return self._execute_internal(
venv\Lib\site-packages\sqlalchemy\orm\session.py:2271: in _execute_internal
    result: Result[Any] = compile_state_cls.orm_execute_statement(
venv\Lib\site-packages\sqlalchemy\orm\context.py:306: in orm_execute_statement
    result = conn.execute(
venv\Lib\site-packages\sqlalchemy\engine\base.py:1421: in execute
    return meth(
venv\Lib\site-packages\sqlalchemy\sql\elements.py:526: in _execute_on_connection
    return connection._execute_clauseelement(
venv\Lib\site-packages\sqlalchemy\engine\base.py:1643: in _execute_clauseelement
    ret = self._execute_context(
venv\Lib\site-packages\sqlalchemy\engine\base.py:1848: in _execute_context
    return self._exec_single_context(
venv\Lib\site-packages\sqlalchemy\engine\base.py:1988: in _exec_single_context
    self._handle_dbapi_exception(
venv\Lib\site-packages\sqlalchemy\engine\base.py:2365: in _handle_dbapi_exception
    raise sqlalchemy_exception.with_traceback(exc_info[2]) from e
venv\Lib\site-packages\sqlalchemy\engine\base.py:1969: in _exec_single_context
    self.dialect.do_execute(
venv\Lib\site-packages\sqlalchemy\engine\default.py:952: in do_execute
    cursor.execute(statement, parameters)
E   sqlalchemy.exc.OperationalError: (sqlite3.OperationalError) no such table: analysis_results
E   [SQL: SELECT analysis_results.id AS analysis_results_id, analysis_results.filename AS analysis_results_filename, analysis_results.content_type AS analysis_results_content_type, analysis_results.file_size_bytes AS analysis_results_file_size_bytes, analysis_results.image_width AS analysis_results_image_width, analysis_results.image_height AS analysis_results_image_height, analysis_results.image_path AS analysis_results_image_path, analysis_results.thumbnail_path AS analysis_results_thumbnail_path, analysis_results.quality_score AS analysis_results_quality_score, analysis_results.quality_label AS analysis_results_quality_label, analysis_results.recommended_action AS analysis_results_recommended_action, analysis_results.issues AS analysis_results_issues, analysis_results.image_stats AS analysis_results_image_stats, analysis_results.created_at AS analysis_results_created_at 
E   FROM analysis_results 
E   WHERE analysis_results.id = ?
E    LIMIT ? OFFSET ?]
E   [parameters: (999999, 1, 0)]
E   (Background on this error at: https://sqlalche.me/e/20/e3q8)
_____________________________ test_delete_result ______________________________
venv\Lib\site-packages\sqlalchemy\engine\base.py:1969: in _exec_single_context
    self.dialect.do_execute(
venv\Lib\site-packages\sqlalchemy\engine\default.py:952: in do_execute
    cursor.execute(statement, parameters)
E   sqlite3.OperationalError: no such table: analysis_results

The above exception was the direct cause of the following exception:
tests\test_api.py:122: in test_delete_result
    created = _analyze(client, "good_quality.jpg")
              ^^^^^^^^^^^^^^^^^^^^^^^^^^^^^^^^^^^^
tests\test_api.py:20: in _analyze
    response = client.post("/api/analyze", files={"file": (filename, f, "image/jpeg")})
               ^^^^^^^^^^^^^^^^^^^^^^^^^^^^^^^^^^^^^^^^^^^^^^^^^^^^^^^^^^^^^^^^^^^^^^^^
venv\Lib\site-packages\starlette\testclient.py:556: in post
    return super().post(
venv\Lib\site-packages\httpx\_client.py:1144: in post
    return self.request(
venv\Lib\site-packages\starlette\testclient.py:455: in request
    return super().request(
venv\Lib\site-packages\httpx\_client.py:825: in request
    return self.send(request, auth=auth, follow_redirects=follow_redirects)
           ^^^^^^^^^^^^^^^^^^^^^^^^^^^^^^^^^^^^^^^^^^^^^^^^^^^^^^^^^^^^^^^^
venv\Lib\site-packages\httpx\_client.py:914: in send
    response = self._send_handling_auth(
venv\Lib\site-packages\httpx\_client.py:942: in _send_handling_auth
    response = self._send_handling_redirects(
venv\Lib\site-packages\httpx\_client.py:979: in _send_handling_redirects
    response = self._send_single_request(request)
               ^^^^^^^^^^^^^^^^^^^^^^^^^^^^^^^^^^
venv\Lib\site-packages\httpx\_client.py:1014: in _send_single_request
    response = transport.handle_request(request)
               ^^^^^^^^^^^^^^^^^^^^^^^^^^^^^^^^^
venv\Lib\site-packages\starlette\testclient.py:354: in handle_request
    raise exc
venv\Lib\site-packages\starlette\testclient.py:351: in handle_request
    portal.call(self.app, scope, receive, send)
venv\Lib\site-packages\anyio\from_thread.py:338: in call
    return cast(T_Retval, self.start_task_soon(func, *args).result())
                          ^^^^^^^^^^^^^^^^^^^^^^^^^^^^^^^^^^^^^^^^^^
..\..\..\..\anaconda3\Lib\concurrent\futures\_base.py:456: in result
    return self.__get_result()
           ^^^^^^^^^^^^^^^^^^^
..\..\..\..\anaconda3\Lib\concurrent\futures\_base.py:401: in __get_result
    raise self._exception
venv\Lib\site-packages\anyio\from_thread.py:263: in _call_func
    retval = await retval_or_awaitable
             ^^^^^^^^^^^^^^^^^^^^^^^^^
venv\Lib\site-packages\fastapi\applications.py:1163: in __call__
    await super().__call__(scope, receive, send)
venv\Lib\site-packages\starlette\applications.py:96: in __call__
    await self.middleware_stack(scope, receive, send)
venv\Lib\site-packages\starlette\middleware\errors.py:186: in __call__
    raise exc
venv\Lib\site-packages\starlette\middleware\errors.py:164: in __call__
    await self.app(scope, receive, _send)
venv\Lib\site-packages\starlette\middleware\cors.py:88: in __call__
    await self.app(scope, receive, send)
venv\Lib\site-packages\starlette\middleware\exceptions.py:63: in __call__
    await wrap_app_handling_exceptions(self.app, conn)(scope, receive, send)
venv\Lib\site-packages\starlette\_exception_handler.py:53: in wrapped_app
    raise exc
venv\Lib\site-packages\starlette\_exception_handler.py:42: in wrapped_app
    await app(scope, receive, sender)
venv\Lib\site-packages\fastapi\middleware\asyncexitstack.py:18: in __call__
    await self.app(scope, receive, send)
venv\Lib\site-packages\starlette\routing.py:670: in __call__
    await self.middleware_stack(scope, receive, send)
venv\Lib\site-packages\fastapi\routing.py:2734: in app
    await route.handle(scope, receive, send)
venv\Lib\site-packages\fastapi\routing.py:1281: in handle
    await super().handle(scope, receive, send)
venv\Lib\site-packages\starlette\routing.py:280: in handle
    await self.app(scope, receive, send)
venv\Lib\site-packages\fastapi\routing.py:158: in app
    await wrap_app_handling_exceptions(app, request)(scope, receive, send)
venv\Lib\site-packages\starlette\_exception_handler.py:53: in wrapped_app
    raise exc
venv\Lib\site-packages\starlette\_exception_handler.py:42: in wrapped_app
    await app(scope, receive, sender)
venv\Lib\site-packages\fastapi\routing.py:144: in app
    response = await f(request)
               ^^^^^^^^^^^^^^^^
venv\Lib\site-packages\fastapi\routing.py:706: in app
    raw_response = await run_endpoint_function(
venv\Lib\site-packages\fastapi\routing.py:352: in run_endpoint_function
    return await dependant.call(**values)
           ^^^^^^^^^^^^^^^^^^^^^^^^^^^^^^
app\main.py:141: in analyze_image
    db.commit()
venv\Lib\site-packages\sqlalchemy\orm\session.py:2035: in commit
    trans.commit(_to_root=True)
<string>:2: in commit
    ???
venv\Lib\site-packages\sqlalchemy\orm\state_changes.py:137: in _go
    ret_value = fn(self, *arg, **kw)
                ^^^^^^^^^^^^^^^^^^^^
venv\Lib\site-packages\sqlalchemy\orm\session.py:1316: in commit
    self._prepare_impl()
<string>:2: in _prepare_impl
    ???
venv\Lib\site-packages\sqlalchemy\orm\state_changes.py:137: in _go
    ret_value = fn(self, *arg, **kw)
                ^^^^^^^^^^^^^^^^^^^^
venv\Lib\site-packages\sqlalchemy\orm\session.py:1290: in _prepare_impl
    self.session.flush()
venv\Lib\site-packages\sqlalchemy\orm\session.py:4353: in flush
    self._flush(objects)
venv\Lib\site-packages\sqlalchemy\orm\session.py:4488: in _flush
    with util.safe_reraise():
         ^^^^^^^^^^^^^^^^^^^
venv\Lib\site-packages\sqlalchemy\util\langhelpers.py:122: in __exit__
    raise exc_value.with_traceback(exc_tb)
venv\Lib\site-packages\sqlalchemy\orm\session.py:4449: in _flush
    flush_context.execute()
venv\Lib\site-packages\sqlalchemy\orm\unitofwork.py:465: in execute
    rec.execute(self)
venv\Lib\site-packages\sqlalchemy\orm\unitofwork.py:641: in execute
    util.preloaded.orm_persistence.save_obj(
venv\Lib\site-packages\sqlalchemy\orm\persistence.py:94: in save_obj
    _emit_insert_statements(
venv\Lib\site-packages\sqlalchemy\orm\persistence.py:1234: in _emit_insert_statements
    result = connection.execute(
venv\Lib\site-packages\sqlalchemy\engine\base.py:1421: in execute
    return meth(
venv\Lib\site-packages\sqlalchemy\sql\elements.py:526: in _execute_on_connection
    return connection._execute_clauseelement(
venv\Lib\site-packages\sqlalchemy\engine\base.py:1643: in _execute_clauseelement
    ret = self._execute_context(
venv\Lib\site-packages\sqlalchemy\engine\base.py:1848: in _execute_context
    return self._exec_single_context(
venv\Lib\site-packages\sqlalchemy\engine\base.py:1988: in _exec_single_context
    self._handle_dbapi_exception(
venv\Lib\site-packages\sqlalchemy\engine\base.py:2365: in _handle_dbapi_exception
    raise sqlalchemy_exception.with_traceback(exc_info[2]) from e
venv\Lib\site-packages\sqlalchemy\engine\base.py:1969: in _exec_single_context
    self.dialect.do_execute(
venv\Lib\site-packages\sqlalchemy\engine\default.py:952: in do_execute
    cursor.execute(statement, parameters)
E   sqlalchemy.exc.OperationalError: (sqlite3.OperationalError) no such table: analysis_results
E   [SQL: INSERT INTO analysis_results (filename, content_type, file_size_bytes, image_width, image_height, image_path, thumbnail_path, quality_score, quality_label, recommended_action, issues, image_stats, created_at) VALUES (?, ?, ?, ?, ?, ?, ?, ?, ?, ?, ?, ?, ?)]
E   [parameters: ('good_quality.jpg', 'image/jpeg', 104711, 600, 400, '/static/uploads/3150958536a341fb80292b2eec5a3ad7.jpg', None, 95.4, 'ACCEPTABLE', 'PASS', '[]', '{"sharpness_lap_var": 1572.2744, "sharpness_norm": 0.4658, "sharpness_tenengrad": 9635.9691, "brightness_mean": 103.6409, "brightness_std": 58.0954,  ... (255 characters truncated) ... oherence": 0.0226, "colorfulness": 76.0866, "saturation_mean": 184.9805, "entropy": 7.6626, "blockiness": 0.0115, "channel_mean_asymmetry": 106.9674}', '2026-08-28 18:44:42.025421')]
E   (Background on this error at: https://sqlalche.me/e/20/e3q8)
============================== warnings summary ===============================
venv\Lib\site-packages\fastapi\testclient.py:1
  C:\Users\91760\Downloads\image-quality-defect-detection\project\backend\venv\Lib\site-packages\fastapi\testclient.py:1: StarletteDeprecationWarning: Using `httpx` with `starlette.testclient` is deprecated; install `httpx2` instead.
    from starlette.testclient import TestClient as TestClient  # noqa

app\main.py:57
  C:\Users\91760\Downloads\image-quality-defect-detection\project\backend\app\main.py:57: DeprecationWarning: 
          on_event is deprecated, use lifespan event handlers instead.
  
          Read more about it in the
          [FastAPI docs for Lifespan Events](https://fastapi.tiangolo.com/advanced/events/).
          
    @app.on_event("startup")

venv\Lib\site-packages\fastapi\applications.py:4681
  C:\Users\91760\Downloads\image-quality-defect-detection\project\backend\venv\Lib\site-packages\fastapi\applications.py:4681: DeprecationWarning: 
          on_event is deprecated, use lifespan event handlers instead.
  
          Read more about it in the
          [FastAPI docs for Lifespan Events](https://fastapi.tiangolo.com/advanced/events/).
          
    return self.router.on_event(event_type)  # ty: ignore[deprecated]

tests/test_api.py: 9218 warnings
  C:\Users\91760\Downloads\image-quality-defect-detection\project\backend\venv\Lib\site-packages\joblib\numpy_pickle.py:207: DeprecationWarning: Setting the shape on a NumPy array has been deprecated in NumPy 2.5.
  As an alternative, you can create a new view using np.reshape (with copy=False if needed).
    array.shape = self.shape

-- Docs: https://docs.pytest.org/en/stable/how-to/capture-warnings.html
=========================== short test summary info ===========================
FAILED tests/test_api.py::test_analyze_good_quality - sqlalchemy.exc.Operatio...
FAILED tests/test_api.py::test_analyze_blurry - sqlalchemy.exc.OperationalErr...
FAILED tests/test_api.py::test_analyze_noisy - sqlalchemy.exc.OperationalErro...
FAILED tests/test_api.py::test_analyze_underexposed - sqlalchemy.exc.Operatio...
FAILED tests/test_api.py::test_analyze_overexposed - sqlalchemy.exc.Operation...
FAILED tests/test_api.py::test_analyze_corrupted - sqlalchemy.exc.Operational...
FAILED tests/test_api.py::test_analyze_has_recommended_action - sqlalchemy.ex...
FAILED tests/test_api.py::test_analyze_has_image_path - sqlalchemy.exc.Operat...
FAILED tests/test_api.py::test_analyze_issues_have_evidence - sqlalchemy.exc....
FAILED tests/test_api.py::test_list_results - sqlalchemy.exc.OperationalError...
FAILED tests/test_api.py::test_get_result_by_id - sqlalchemy.exc.OperationalE...
FAILED tests/test_api.py::test_get_nonexistent_result - sqlalchemy.exc.Operat...
FAILED tests/test_api.py::test_delete_result - sqlalchemy.exc.OperationalErro...
================ 13 failed, 17 passed, 9221 warnings in 21.33s ================
